Archive member included to satisfy reference by file (symbol)

/usr/lib/gcc/arm-none-eabi/14.2.1/thumb/v6-m/nofp/libgcc.a(_udivsi3.o)
                              ./USER/delay.o (__aeabi_uidiv)
/usr/lib/gcc/arm-none-eabi/14.2.1/thumb/v6-m/nofp/libgcc.a(_dvmd_tls.o)
                              /usr/lib/gcc/arm-none-eabi/14.2.1/thumb/v6-m/nofp/libgcc.a(_udivsi3.o) (__aeabi_idiv0)
/usr/lib/gcc/arm-none-eabi/14.2.1/thumb/v6-m/nofp/libgcc.a(unwind-arm.o)
                              ./STARTUP/startup_GOWIN_M1.o (__aeabi_unwind_cpp_pr0)
/usr/lib/gcc/arm-none-eabi/14.2.1/thumb/v6-m/nofp/libgcc.a(libunwind.o)
                              /usr/lib/gcc/arm-none-eabi/14.2.1/thumb/v6-m/nofp/libgcc.a(unwind-arm.o) (restore_core_regs)
/usr/lib/gcc/arm-none-eabi/14.2.1/thumb/v6-m/nofp/libgcc.a(pr-support.o)
                              /usr/lib/gcc/arm-none-eabi/14.2.1/thumb/v6-m/nofp/libgcc.a(unwind-arm.o) (__gnu_unwind_execute)
/usr/lib/gcc/arm-none-eabi/14.2.1/../../../arm-none-eabi/lib/thumb/v6-m/nofp/libg.a(libc_a-memset.o)
                              /usr/lib/gcc/arm-none-eabi/14.2.1/../../../arm-none-eabi/lib/thumb/v6-m/nofp/crt0.o (memset)
/usr/lib/gcc/arm-none-eabi/14.2.1/../../../arm-none-eabi/lib/thumb/v6-m/nofp/libg.a(libc_a-fini.o)
                              /usr/lib/gcc/arm-none-eabi/14.2.1/../../../arm-none-eabi/lib/thumb/v6-m/nofp/crt0.o (__libc_fini_array)
/usr/lib/gcc/arm-none-eabi/14.2.1/../../../arm-none-eabi/lib/thumb/v6-m/nofp/libg.a(libc_a-reent.o)
                              ./USER/main.o (errno)
/usr/lib/gcc/arm-none-eabi/14.2.1/../../../arm-none-eabi/lib/thumb/v6-m/nofp/libg.a(libc_a-abort.o)
                              /usr/lib/gcc/arm-none-eabi/14.2.1/thumb/v6-m/nofp/libgcc.a(pr-support.o) (abort)
/usr/lib/gcc/arm-none-eabi/14.2.1/../../../arm-none-eabi/lib/thumb/v6-m/nofp/libg.a(libc_a-freer.o)
                              /usr/lib/gcc/arm-none-eabi/14.2.1/../../../arm-none-eabi/lib/thumb/v6-m/nofp/libg.a(libc_a-reent.o) (_free_r)
/usr/lib/gcc/arm-none-eabi/14.2.1/../../../arm-none-eabi/lib/thumb/v6-m/nofp/libg.a(libc_a-memcpy-stub.o)
                              /usr/lib/gcc/arm-none-eabi/14.2.1/thumb/v6-m/nofp/libgcc.a(unwind-arm.o) (memcpy)
/usr/lib/gcc/arm-none-eabi/14.2.1/../../../arm-none-eabi/lib/thumb/v6-m/nofp/libg.a(libc_a-mlock.o)
                              /usr/lib/gcc/arm-none-eabi/14.2.1/../../../arm-none-eabi/lib/thumb/v6-m/nofp/libg.a(libc_a-freer.o) (__malloc_lock)
/usr/lib/gcc/arm-none-eabi/14.2.1/../../../arm-none-eabi/lib/thumb/v6-m/nofp/libg.a(libc_a-sbrkr.o)
                              /usr/lib/gcc/arm-none-eabi/14.2.1/../../../arm-none-eabi/lib/thumb/v6-m/nofp/libg.a(libc_a-freer.o) (_sbrk_r)
/usr/lib/gcc/arm-none-eabi/14.2.1/../../../arm-none-eabi/lib/thumb/v6-m/nofp/libg.a(libc_a-exit.o)
                              /usr/lib/gcc/arm-none-eabi/14.2.1/../../../arm-none-eabi/lib/thumb/v6-m/nofp/crt0.o (exit)
/usr/lib/gcc/arm-none-eabi/14.2.1/../../../arm-none-eabi/lib/thumb/v6-m/nofp/libg.a(libc_a-atexit.o)
                              /usr/lib/gcc/arm-none-eabi/14.2.1/../../../arm-none-eabi/lib/thumb/v6-m/nofp/crt0.o (atexit)
/usr/lib/gcc/arm-none-eabi/14.2.1/../../../arm-none-eabi/lib/thumb/v6-m/nofp/libg.a(libc_a-signal.o)
                              /usr/lib/gcc/arm-none-eabi/14.2.1/../../../arm-none-eabi/lib/thumb/v6-m/nofp/libg.a(libc_a-abort.o) (raise)
/usr/lib/gcc/arm-none-eabi/14.2.1/../../../arm-none-eabi/lib/thumb/v6-m/nofp/libg.a(libc_a-init.o)
                              /usr/lib/gcc/arm-none-eabi/14.2.1/../../../arm-none-eabi/lib/thumb/v6-m/nofp/crt0.o (__libc_init_array)
/usr/lib/gcc/arm-none-eabi/14.2.1/../../../arm-none-eabi/lib/thumb/v6-m/nofp/libg.a(libc_a-impure.o)
                              /usr/lib/gcc/arm-none-eabi/14.2.1/../../../arm-none-eabi/lib/thumb/v6-m/nofp/libg.a(libc_a-reent.o) (_impure_ptr)
/usr/lib/gcc/arm-none-eabi/14.2.1/../../../arm-none-eabi/lib/thumb/v6-m/nofp/libg.a(libc_a-findfp.o)
                              /usr/lib/gcc/arm-none-eabi/14.2.1/../../../arm-none-eabi/lib/thumb/v6-m/nofp/libg.a(libc_a-impure.o) (__sf)
/usr/lib/gcc/arm-none-eabi/14.2.1/../../../arm-none-eabi/lib/thumb/v6-m/nofp/libg.a(libc_a-sysconf.o)
                              /usr/lib/gcc/arm-none-eabi/14.2.1/../../../arm-none-eabi/lib/thumb/v6-m/nofp/libg.a(libc_a-freer.o) (sysconf)
/usr/lib/gcc/arm-none-eabi/14.2.1/../../../arm-none-eabi/lib/thumb/v6-m/nofp/libg.a(libc_a-fclose.o)
                              /usr/lib/gcc/arm-none-eabi/14.2.1/../../../arm-none-eabi/lib/thumb/v6-m/nofp/libg.a(libc_a-findfp.o) (_fclose_r)
/usr/lib/gcc/arm-none-eabi/14.2.1/../../../arm-none-eabi/lib/thumb/v6-m/nofp/libg.a(libc_a-mallocr.o)
                              /usr/lib/gcc/arm-none-eabi/14.2.1/../../../arm-none-eabi/lib/thumb/v6-m/nofp/libg.a(libc_a-signal.o) (_malloc_r)
/usr/lib/gcc/arm-none-eabi/14.2.1/../../../arm-none-eabi/lib/thumb/v6-m/nofp/libg.a(libc_a-__call_atexit.o)
[...]
Memory Configuration

Name             Origin             Length             Attributes
FLASH            0x00000000         0x00004000         xr
RAM              0x20000000         0x00004000         xrw
*default*        0x00000000         0xffffffff

Linker script and memory map

LOAD /usr/lib/gcc/arm-none-eabi/14.2.1/thumb/v6-m/nofp/crti.o
LOAD /usr/lib/gcc/arm-none-eabi/14.2.1/thumb/v6-m/nofp/crtbegin.o
LOAD /usr/lib/gcc/arm-none-eabi/14.2.1/../../../arm-none-eabi/lib/thumb/v6-m/nofp/crt0.o
LOAD ./USER/GOWIN_M1_it.o
LOAD ./USER/delay.o
LOAD ./USER/gpio.o
LOAD ./USER/main.o
LOAD ./SYSTEM/system_GOWIN_M1.o
LOAD ./STARTUP/startup_GOWIN_M1.o
LOAD ./PERIPHERAL/src/GOWIN_M1_can.o
LOAD ./PERIPHERAL/src/GOWIN_M1_ddr3.o
LOAD ./PERIPHERAL/src/GOWIN_M1_dualtimer.o
LOAD ./PERIPHERAL/src/GOWIN_M1_ethernet.o
LOAD ./PERIPHERAL/src/GOWIN_M1_gpio.o
LOAD ./PERIPHERAL/src/GOWIN_M1_i2c.o
LOAD ./PERIPHERAL/src/GOWIN_M1_misc.o
LOAD ./PERIPHERAL/src/GOWIN_M1_psram.o
LOAD ./PERIPHERAL/src/GOWIN_M1_qspi_flash.o
LOAD ./PERIPHERAL/src/GOWIN_M1_rtc.o
LOAD ./PERIPHERAL/src/GOWIN_M1_sdcard.o
LOAD ./PERIPHERAL/src/GOWIN_M1_spi.o
LOAD ./PERIPHERAL/src/GOWIN_M1_spi_flash.o
LOAD ./PERIPHERAL/src/GOWIN_M1_timer.o
LOAD ./PERIPHERAL/src/GOWIN_M1_trng.o
LOAD ./PERIPHERAL/src/GOWIN_M1_uart.o
LOAD ./PERIPHERAL/src/GOWIN_M1_wdog.o
START GROUP
LOAD /usr/lib/gcc/arm-none-eabi/14.2.1/thumb/v6-m/nofp/libgcc.a
LOAD /usr/lib/gcc/arm-none-eabi/14.2.1/../../../arm-none-eabi/lib/thumb/v6-m/nofp/libg.a
LOAD /usr/lib/gcc/arm-none-eabi/14.2.1/../../../arm-none-eabi/lib/thumb/v6-m/nofp/libc.a
END GROUP
LOAD /usr/lib/gcc/arm-none-eabi/14.2.1/thumb/v6-m/nofp/crtend.o
LOAD /usr/lib/gcc/arm-none-eabi/14.2.1/thumb/v6-m/nofp/crtn.o
START GROUP
LOAD /usr/lib/gcc/arm-none-eabi/14.2.1/thumb/v6-m/nofp/libgcc.a
LOAD /usr/lib/gcc/arm-none-eabi/14.2.1/../../../arm-none-eabi/lib/thumb/v6-m/nofp/libc.a
LOAD /usr/lib/gcc/arm-none-eabi/14.2.1/../../../arm-none-eabi/lib/thumb/v6-m/nofp/libm.a
LOAD /usr/lib/gcc/arm-none-eabi/14.2.1/../../../arm-none-eabi/lib/thumb/v6-m/nofp/libnosys.a
END GROUP

.text           0x00000000     0x1ccc
 *(.vectors)
 .vectors       0x00000000       0xc0 ./STARTUP/startup_GOWIN_M1.o
                0x00000000                __Vectors
                0x000000c0                __Vectors_End
 *(.text*)
 .text          0x000000c0       0x98 /usr/lib/gcc/arm-none-eabi/14.2.1/thumb/v6-m/nofp/crtbegin.o
 .text          0x00000158       0x74 /usr/lib/gcc/arm-none-eabi/14.2.1/../../../arm-none-eabi/lib/thumb/v6-m/nofp/crt0.o
                0x00000158                _stack_init
                0x00000164                _mainCRTStartup
                0x00000164                _start
 .text.NMI_Handler
                0x000001cc        0xa ./USER/GOWIN_M1_it.o
                0x000001cc                NMI_Handler
 .text.HardFault_Handler
                0x000001d6        0x6 ./USER/GOWIN_M1_it.o
                0x000001d6                HardFault_Handler
 .text.SVC_Handler
                0x000001dc        0xa ./USER/GOWIN_M1_it.o
                0x000001dc                SVC_Handler
 .text.PendSV_Handler
                0x000001e6        0xa ./USER/GOWIN_M1_it.o
                0x000001e6                PendSV_Handler
 .text.SysTick_Handler
                0x000001f0        0xa ./USER/GOWIN_M1_it.o
                0x000001f0                SysTick_Handler
 .text.UART0_Handler
                0x000001fa        0xa ./USER/GOWIN_M1_it.o
                0x000001fa                UART0_Handler
 .text.UART1_Handler
                0x00000204        0xa ./USER/GOWIN_M1_it.o
                0x00000204                UART1_Handler
 .text.TIMER0_Handler
                0x0000020e        0xa ./USER/GOWIN_M1_it.o
                0x0000020e                TIMER0_Handler
 .text.TIMER1_Handler
                0x00000218        0xa ./USER/GOWIN_M1_it.o
                0x00000218                TIMER1_Handler
 .text.GPIO0_Handler
                0x00000222        0xa ./USER/GOWIN_M1_it.o
                0x00000222                GPIO0_Handler
 .text.RTC_Handler
                0x0000022c        0xa ./USER/GOWIN_M1_it.o
                0x0000022c                RTC_Handler
 .text.I2C_Handler
                0x00000236        0xa ./USER/GOWIN_M1_it.o
                0x00000236                I2C_Handler
 .text.CAN_Handler
                0x00000240        0xa ./USER/GOWIN_M1_it.o
                0x00000240                CAN_Handler
 .text.ENT_Handler
                0x0000024a        0xa ./USER/GOWIN_M1_it.o
                0x0000024a                ENT_Handler
 .text.DTimer_Handler
                0x00000254        0xa ./USER/GOWIN_M1_it.o
                0x00000254                DTimer_Handler
 .text.TRNG_Handler
                0x0000025e        0xa ./USER/GOWIN_M1_it.o
                0x0000025e                TRNG_Handler
 .text.GPIO0_0_Handler
                0x00000268        0xa ./USER/GOWIN_M1_it.o
                0x00000268                GPIO0_0_Handler
 .text.GPIO0_1_Handler
                0x00000272        0xa ./USER/GOWIN_M1_it.o
                0x00000272                GPIO0_1_Handler
 .text.GPIO0_2_Handler
                0x0000027c        0xa ./USER/GOWIN_M1_it.o
                0x0000027c                GPIO0_2_Handler
 .text.GPIO0_3_Handler
                0x00000286        0xa ./USER/GOWIN_M1_it.o
                0x00000286                GPIO0_3_Handler
 .text.GPIO0_4_Handler
                0x00000290        0xa ./USER/GOWIN_M1_it.o
                0x00000290                GPIO0_4_Handler
 .text.GPIO0_5_Handler
                0x0000029a        0xa ./USER/GOWIN_M1_it.o
                0x0000029a                GPIO0_5_Handler
 .text.GPIO0_6_Handler
                0x000002a4        0xa ./USER/GOWIN_M1_it.o
                0x000002a4                GPIO0_6_Handler
 .text.GPIO0_7_Handler
                0x000002ae        0xa ./USER/GOWIN_M1_it.o
                0x000002ae                GPIO0_7_Handler
 .text.GPIO0_8_Handler
                0x000002b8        0xa ./USER/GOWIN_M1_it.o
                0x000002b8                GPIO0_8_Handler
 .text.GPIO0_9_Handler
                0x000002c2        0xa ./USER/GOWIN_M1_it.o
                0x000002c2                GPIO0_9_Handler
 .text.GPIO0_10_Handler
                0x000002cc        0xa ./USER/GOWIN_M1_it.o
                0x000002cc                GPIO0_10_Handler
 .text.GPIO0_11_Handler
                0x000002d6        0xa ./USER/GOWIN_M1_it.o
                0x000002d6                GPIO0_11_Handler
 .text.GPIO0_12_Handler
                0x000002e0        0xa ./USER/GOWIN_M1_it.o
                0x000002e0                GPIO0_12_Handler
 .text.GPIO0_13_Handler
                0x000002ea        0xa ./USER/GOWIN_M1_it.o
                0x000002ea                GPIO0_13_Handler
 .text.GPIO0_14_Handler
                0x000002f4        0xa ./USER/GOWIN_M1_it.o
                0x000002f4                GPIO0_14_Handler
 .text.GPIO0_15_Handler
                0x000002fe        0xa ./USER/GOWIN_M1_it.o
                0x000002fe                GPIO0_15_Handler
 .text.EXTINT_0_Handler
                0x00000308        0xa ./USER/GOWIN_M1_it.o
                0x00000308                EXTINT_0_Handler
 .text.EXTINT_1_Handler
                0x00000312        0xa ./USER/GOWIN_M1_it.o
                0x00000312                EXTINT_1_Handler
 .text.EXTINT_2_Handler
                0x0000031c        0xa ./USER/GOWIN_M1_it.o
                0x0000031c                EXTINT_2_Handler
 .text.EXTINT_3_Handler
                0x00000326        0xa ./USER/GOWIN_M1_it.o
                0x00000326                EXTINT_3_Handler
 .text.delay_init
                0x00000330       0x4c ./USER/delay.o
                0x00000330                delay_init
 .text.delay_ms
                0x0000037c       0x9c ./USER/delay.o
                0x0000037c                delay_ms
 .text.gpio_init
                0x00000418       0x2e ./USER/gpio.o
                0x00000418                gpio_init
 .text._exit    0x00000446        0xc ./USER/main.o
                0x00000446                _exit
 *fill*         0x00000452        0x2 
 .text.dbg_init
                0x00000454       0x50 ./USER/main.o
                0x00000454                dbg_init
 .text.main     0x000004a4       0x80 ./USER/main.o
                0x000004a4                main
 .text.SystemInit
                0x00000524       0x18 ./SYSTEM/system_GOWIN_M1.o
                0x00000524                SystemInit
 .text          0x0000053c       0x40 ./STARTUP/startup_GOWIN_M1.o
                0x0000053c                Reset_Handler
                0x00000566                UARTOVF_Handler
                0x00000566                Default_Handler
 .text.GPIO_Init
                0x0000057c      0x186 ./PERIPHERAL/src/GOWIN_M1_gpio.o
                0x0000057c                GPIO_Init
 .text.GPIO_SetBit
                0x00000702       0x1e ./PERIPHERAL/src/GOWIN_M1_gpio.o
                0x00000702                GPIO_SetBit
 .text.GPIO_ResetBit
                0x00000720       0x20 ./PERIPHERAL/src/GOWIN_M1_gpio.o
                0x00000720                GPIO_ResetBit
 .text.SysTick_CLKSourceConfig
                0x00000740       0x34 ./PERIPHERAL/src/GOWIN_M1_misc.o
                0x00000740                SysTick_CLKSourceConfig
 .text.UART_Init
                0x00000774       0xdc ./PERIPHERAL/src/GOWIN_M1_uart.o
                0x00000774                UART_Init
 .text.UART_SendChar
                0x00000850       0x2c ./PERIPHERAL/src/GOWIN_M1_uart.o
                0x00000850                UART_SendChar
 .text.UART_SendString
                0x0000087c       0x40 ./PERIPHERAL/src/GOWIN_M1_uart.o
                0x0000087c                UART_SendString
 .text          0x000008bc      0x114 /usr/lib/gcc/arm-none-eabi/14.2.1/thumb/v6-m/nofp/libgcc.a(_udivsi3.o)
                0x000008bc                __udivsi3
                0x000008bc                __aeabi_uidiv
                0x000009c8                __aeabi_uidivmod
 .text          0x000009d0        0x4 /usr/lib/gcc/arm-none-eabi/14.2.1/thumb/v6-m/nofp/libgcc.a(_dvmd_tls.o)
                0x000009d0                __aeabi_ldiv0
                0x000009d0                __aeabi_idiv0
 .text          0x000009d4      0xa78 /usr/lib/gcc/arm-none-eabi/14.2.1/thumb/v6-m/nofp/libgcc.a(unwind-arm.o)
                0x00000c94                _Unwind_GetCFA
                0x00000c98                __gnu_Unwind_RaiseException
                0x00000cec                __gnu_Unwind_ForcedUnwind
                0x00000d00                __gnu_Unwind_Resume
                0x00000d44                __gnu_Unwind_Resume_or_Rethrow
                0x00000d60                _Unwind_Complete
                0x00000d64                _Unwind_DeleteException
                0x00000d74                _Unwind_VRS_Get
                0x00000dd0                _Unwind_VRS_Set
                0x00000e2c                __gnu_Unwind_Backtrace
                0x0000117c                __aeabi_unwind_cpp_pr0
                0x00001188                __aeabi_unwind_cpp_pr1
                0x00001194                __aeabi_unwind_cpp_pr2
                0x000011a0                _Unwind_VRS_Pop
 .text          0x0000144c      0x144 /usr/lib/gcc/arm-none-eabi/14.2.1/thumb/v6-m/nofp/libgcc.a(libunwind.o)
                0x0000144c                __restore_core_regs
                0x0000144c                restore_core_regs
                0x00001478                __gnu_Unwind_Restore_VFP
                0x0000147c                __gnu_Unwind_Save_VFP
                0x00001480                __gnu_Unwind_Restore_VFP_D
                0x00001484                __gnu_Unwind_Save_VFP_D
                0x00001488                __gnu_Unwind_Restore_VFP_D_16_to_31
                0x0000148c                __gnu_Unwind_Save_VFP_D_16_to_31
                0x00001490                __gnu_Unwind_Restore_WMMXD
                0x00001494                __gnu_Unwind_Save_WMMXD
                0x00001498                __gnu_Unwind_Restore_WMMXC
                0x0000149c                __gnu_Unwind_Save_WMMXC
                0x000014a0                ___Unwind_RaiseException
                0x000014a0                _Unwind_RaiseException
                0x000014d0                ___Unwind_Resume
                0x000014d0                _Unwind_Resume
                0x00001500                _Unwind_Resume_or_Rethrow
                0x00001500                ___Unwind_Resume_or_Rethrow
                0x00001530                ___Unwind_ForcedUnwind
                0x00001530                _Unwind_ForcedUnwind
                0x00001560                _Unwind_Backtrace
                0x00001560                ___Unwind_Backtrace
 .text          0x00001590      0x390 /usr/lib/gcc/arm-none-eabi/14.2.1/thumb/v6-m/nofp/libgcc.a(pr-support.o)
                0x000015e4                __gnu_unwind_execute
                0x000018d8                __gnu_unwind_frame
                0x00001900                _Unwind_GetRegionStart
                0x0000190c                _Unwind_GetLanguageSpecificData
 .text          0x00001920       0xa8 /usr/lib/gcc/arm-none-eabi/14.2.1/../../../arm-none-eabi/lib/thumb/v6-m/nofp/libg.a(libc_a-memset.o)
                0x00001920                memset
 .text          0x000019c8       0x28 /usr/lib/gcc/arm-none-eabi/14.2.1/../../../arm-none-eabi/lib/thumb/v6-m/nofp/libg.a(libc_a-fini.o)
                0x000019c8                __libc_fini_array
 .text          0x000019f0       0x8c /usr/lib/gcc/arm-none-eabi/14.2.1/../../../arm-none-eabi/lib/thumb/v6-m/nofp/libg.a(libc_a-memcpy-stub.o)
                0x000019f0                memcpy
 .text          0x00001a7c       0x20 /usr/lib/gcc/arm-none-eabi/14.2.1/../../../arm-none-eabi/lib/thumb/v6-m/nofp/libg.a(libc_a-exit.o)
                0x00001a7c                exit
 .text          0x00001a9c       0x10 /usr/lib/gcc/arm-none-eabi/14.2.1/../../../arm-none-eabi/lib/thumb/v6-m/nofp/libg.a(libc_a-atexit.o)
                0x00001a9c                atexit
 .text          0x00001aac       0x48 /usr/lib/gcc/arm-none-eabi/14.2.1/../../../arm-none-eabi/lib/thumb/v6-m/nofp/libg.a(libc_a-init.o)
                0x00001aac                __libc_init_array
 .text          0x00001af4       0xd0 /usr/lib/gcc/arm-none-eabi/14.2.1/../../../arm-none-eabi/lib/thumb/v6-m/nofp/libg.a(libc_a-__call_atexit.o)
                0x00001af4                __call_exitprocs
 .text.startup  0x00001bc4       0x18 /usr/lib/gcc/arm-none-eabi/14.2.1/../../../arm-none-eabi/lib/thumb/v6-m/nofp/libg.a(libc_a-__call_atexit.o)
 .text          0x00001bdc       0x78 /usr/lib/gcc/arm-none-eabi/14.2.1/../../../arm-none-eabi/lib/thumb/v6-m/nofp/libg.a(libc_a-__atexit.o)
                0x00001bdc                __register_exitproc
 *(.init)
 .init          0x00001c54        0x4 /usr/lib/gcc/arm-none-eabi/14.2.1/thumb/v6-m/nofp/crti.o
                0x00001c54                _init
 .init          0x00001c58        0x8 /usr/lib/gcc/arm-none-eabi/14.2.1/thumb/v6-m/nofp/crtn.o
 *(.fini)
 .fini          0x00001c60        0x4 /usr/lib/gcc/arm-none-eabi/14.2.1/thumb/v6-m/nofp/crti.o
                0x00001c60                _fini
 .fini          0x00001c64        0x8 /usr/lib/gcc/arm-none-eabi/14.2.1/thumb/v6-m/nofp/crtn.o
 *crtbegin.o(.ctors)
 *crtbegin?.o(.ctors)
 *(EXCLUDE_FILE(*crtend.o *crtend?.o) .ctors)
 *(SORT_BY_NAME(.ctors.*))
 *(.ctors)
 *crtbegin.o(.dtors)
 *crtbegin?.o(.dtors)
 *(EXCLUDE_FILE(*crtend.o *crtend?.o) .dtors)
 *(SORT_BY_NAME(.dtors.*))
 *(.dtors)
 *(.rodata*)
 .rodata        0x00001c6c       0x30 ./USER/main.o
 .rodata        0x00001c9c       0x18 /usr/lib/gcc/arm-none-eabi/14.2.1/thumb/v6-m/nofp/libgcc.a(unwind-arm.o)
 .rodata        0x00001cb4       0x14 /usr/lib/gcc/arm-none-eabi/14.2.1/thumb/v6-m/nofp/libgcc.a(pr-support.o)
 *(.eh_frame*)
 .eh_frame      0x00001cc8        0x0 /usr/lib/gcc/arm-none-eabi/14.2.1/thumb/v6-m/nofp/crtbegin.o
 .eh_frame      0x00001cc8        0x4 /usr/lib/gcc/arm-none-eabi/14.2.1/thumb/v6-m/nofp/crtend.o

.glue_7         0x00001ccc        0x0
 .glue_7        0x00001ccc        0x0 linker stubs

.glue_7t        0x00001ccc        0x0
 .glue_7t       0x00001ccc        0x0 linker stubs

.vfp11_veneer   0x00001ccc        0x0
 .vfp11_veneer  0x00001ccc        0x0 linker stubs

.v4_bx          0x00001ccc        0x0
 .v4_bx         0x00001ccc        0x0 linker stubs

.iplt           0x00001ccc        0x0
 .iplt          0x00001ccc        0x0 /usr/lib/gcc/arm-none-eabi/14.2.1/thumb/v6-m/nofp/crtbegin.o

.ARM.extab      0x00001ccc       0x3c
 *(.ARM.extab* .gnu.linkonce.armextab.*)
 .ARM.extab     0x00001ccc       0x30 /usr/lib/gcc/arm-none-eabi/14.2.1/thumb/v6-m/nofp/libgcc.a(unwind-arm.o)
 .ARM.extab     0x00001cfc        0xc /usr/lib/gcc/arm-none-eabi/14.2.1/thumb/v6-m/nofp/libgcc.a(pr-support.o)
                0x00001d08                        __exidx_start = .

.ARM.exidx      0x00001d08       0xd8
 *(.ARM.exidx* .gnu.linkonce.armexidx.*)
 .ARM.exidx     0x00001d08        0x8 /usr/lib/gcc/arm-none-eabi/14.2.1/../../../arm-none-eabi/lib/thumb/v6-m/nofp/crt0.o
                                 0x10 (size before relaxing)
 .ARM.exidx     0x00001d10       0x10 ./STARTUP/startup_GOWIN_M1.o
 .ARM.exidx     0x00001d20       0x90 /usr/lib/gcc/arm-none-eabi/14.2.1/thumb/v6-m/nofp/libgcc.a(unwind-arm.o)
                                 0xd0 (size before relaxing)
 .ARM.exidx     0x00001db0       0x30 /usr/lib/gcc/arm-none-eabi/14.2.1/thumb/v6-m/nofp/libgcc.a(pr-support.o)
                                 0x38 (size before relaxing)
                0x00001de0                        __exidx_end = .
                0x00001de0                        __etext = ALIGN (0x4)

.rel.dyn        0x00001de0        0x0
 .rel.iplt      0x00001de0        0x0 /usr/lib/gcc/arm-none-eabi/14.2.1/thumb/v6-m/nofp/crtbegin.o

.data           0x20000000       0x10 load address 0x00001de0
                0x20000000                        __data_start__ = .
 *(vtable)
 *(.data*)
 .data.SystemCoreClock
                0x20000000        0x4 ./SYSTEM/system_GOWIN_M1.o
                0x20000000                SystemCoreClock
                0x20000004                        . = ALIGN (0x4)
                0x20000004                        PROVIDE (__preinit_array_start = .)
 *(.preinit_array)
                0x20000004                        PROVIDE (__preinit_array_end = .)
                0x20000004                        . = ALIGN (0x4)
                0x20000004                        PROVIDE (__init_array_start = .)
 *(SORT_BY_NAME(.init_array.*))
 .init_array.00000
                0x20000004        0x4 /usr/lib/gcc/arm-none-eabi/14.2.1/../../../arm-none-eabi/lib/thumb/v6-m/nofp/libg.a(libc_a-__call_atexit.o)
 *(.init_array)
 .init_array    0x20000008        0x4 /usr/lib/gcc/arm-none-eabi/14.2.1/thumb/v6-m/nofp/crtbegin.o
                0x2000000c                        PROVIDE (__init_array_end = .)
                0x2000000c                        . = ALIGN (0x4)
                0x2000000c                        PROVIDE (__fini_array_start = .)
 *(SORT_BY_NAME(.fini_array.*))
 *(.fini_array)
 .fini_array    0x2000000c        0x4 /usr/lib/gcc/arm-none-eabi/14.2.1/thumb/v6-m/nofp/crtbegin.o
                0x20000010                        PROVIDE (__fini_array_end = .)
 *(.jcr*)
                0x20000010                        . = ALIGN (0x4)
                0x20000010                        __data_end__ = .

.tm_clone_table
                0x20000010        0x0 load address 0x00001df0
 .tm_clone_table
                0x20000010        0x0 /usr/lib/gcc/arm-none-eabi/14.2.1/thumb/v6-m/nofp/crtbegin.o
 .tm_clone_table
                0x20000010        0x0 /usr/lib/gcc/arm-none-eabi/14.2.1/thumb/v6-m/nofp/crtend.o

.igot.plt       0x20000010        0x0 load address 0x00001df0
 .igot.plt      0x20000010        0x0 /usr/lib/gcc/arm-none-eabi/14.2.1/thumb/v6-m/nofp/crtbegin.o

.bss            0x20000010      0x2f4 load address 0x00001df0
                0x20000010                        . = ALIGN (0x4)
                0x20000010                        __bss_start__ = .
 *(.bss*)
 .bss           0x20000010       0x1c /usr/lib/gcc/arm-none-eabi/14.2.1/thumb/v6-m/nofp/crtbegin.o
 .bss.fac_us    0x2000002c        0x4 ./USER/delay.o
 .bss.fac_ms    0x20000030        0x4 ./USER/delay.o
 .bss           0x20000034      0x13c /usr/lib/gcc/arm-none-eabi/14.2.1/../../../arm-none-eabi/lib/thumb/v6-m/nofp/libg.a(libc_a-findfp.o)
                0x20000034                __stdio_exit_handler
                0x20000038                __sf
 .bss           0x20000170        0x4 /usr/lib/gcc/arm-none-eabi/14.2.1/../../../arm-none-eabi/lib/thumb/v6-m/nofp/libg.a(libc_a-__call_atexit.o)
                0x20000170                __atexit
 .bss           0x20000174      0x190 /usr/lib/gcc/arm-none-eabi/14.2.1/../../../arm-none-eabi/lib/thumb/v6-m/nofp/libg.a(libc_a-__atexit.o)
                0x20000174                __atexit0
 *(COMMON)
                0x20000304                        . = ALIGN (0x4)
                0x20000304                        __bss_end__ = .

.heap           0x20000308      0x400
                0x20000308                        __end__ = .
                [!provide]                        PROVIDE (end = .)
 *(.heap*)
 .heap          0x20000308      0x400 ./STARTUP/startup_GOWIN_M1.o
                0x20000308                __HeapBase
                0x20000708                        __HeapLimit = .

.stack_dummy    0x20000308      0x400
 *(.stack*)
 .stack         0x20000308      0x400 ./STARTUP/startup_GOWIN_M1.o
                0x20004000                        __StackTop = (ORIGIN (RAM) + LENGTH (RAM))
                0x20003c00                        __StackLimit = (__StackTop - SIZEOF (.stack_dummy))
                0x20004000                        PROVIDE (__stack = __StackTop)
                0x00000001                        ASSERT ((__StackLimit >= __HeapLimit), region RAM overflowed with stack)
OUTPUT(softcore_fw_example.elf elf32-littlearm)
LOAD linker stubs

.ARM.attributes
                0x00000000       0x28
 .ARM.attributes
                0x00000000       0x1e /usr/lib/gcc/arm-none-eabi/14.2.1/thumb/v6-m/nofp/crti.o
 .ARM.attributes
                0x0000001e       0x2c /usr/lib/gcc/arm-none-eabi/14.2.1/thumb/v6-m/nofp/crtbegin.o
 .ARM.attributes
                0x0000004a       0x1b /usr/lib/gcc/arm-none-eabi/14.2.1/../../../arm-none-eabi/lib/thumb/v6-m/nofp/crt0.o
 .ARM.attributes
                0x00000065       0x2c ./USER/GOWIN_M1_it.o
 .ARM.attributes
                0x00000091       0x2c ./USER/delay.o
 .ARM.attributes
                0x000000bd       0x2c ./USER/gpio.o
 .ARM.attributes
                0x000000e9       0x2c ./USER/main.o
 .ARM.attributes
                0x00000115       0x2c ./SYSTEM/system_GOWIN_M1.o
 .ARM.attributes
                0x00000141       0x1b ./STARTUP/startup_GOWIN_M1.o
 .ARM.attributes
                0x0000015c       0x2c ./PERIPHERAL/src/GOWIN_M1_gpio.o
 .ARM.attributes
                0x00000188       0x2c ./PERIPHERAL/src/GOWIN_M1_misc.o
 .ARM.attributes
                0x000001b4       0x2c ./PERIPHERAL/src/GOWIN_M1_uart.o
 .ARM.attributes
                0x000001e0       0x1e /usr/lib/gcc/arm-none-eabi/14.2.1/thumb/v6-m/nofp/libgcc.a(_udivsi3.o)
 .ARM.attributes
                0x000001fe       0x1e /usr/lib/gcc/arm-none-eabi/14.2.1/thumb/v6-m/nofp/libgcc.a(_dvmd_tls.o)
 .ARM.attributes
                0x0000021c       0x2c /usr/lib/gcc/arm-none-eabi/14.2.1/thumb/v6-m/nofp/libgcc.a(unwind-arm.o)
 .ARM.attributes
                0x00000248       0x1e /usr/lib/gcc/arm-none-eabi/14.2.1/thumb/v6-m/nofp/libgcc.a(libunwind.o)
 .ARM.attributes
                0x00000266       0x2c /usr/lib/gcc/arm-none-eabi/14.2.1/thumb/v6-m/nofp/libgcc.a(pr-support.o)
 .ARM.attributes
                0x00000292       0x2c /usr/lib/gcc/arm-none-eabi/14.2.1/../../../arm-none-eabi/lib/thumb/v6-m/nofp/libg.a(libc_a-memset.o)
 .ARM.attributes
                0x000002be       0x2c /usr/lib/gcc/arm-none-eabi/14.2.1/../../../arm-none-eabi/lib/thumb/v6-m/nofp/libg.a(libc_a-fini.o)
 .ARM.attributes
                0x000002ea       0x2c /usr/lib/gcc/arm-none-eabi/14.2.1/../../../arm-none-eabi/lib/thumb/v6-m/nofp/libg.a(libc_a-memcpy-stub.o)
 .ARM.attributes
                0x00000316       0x2c /usr/lib/gcc/arm-none-eabi/14.2.1/../../../arm-none-eabi/lib/thumb/v6-m/nofp/libg.a(libc_a-exit.o)
 .ARM.attributes
                0x00000342       0x2c /usr/lib/gcc/arm-none-eabi/14.2.1/../../../arm-none-eabi/lib/thumb/v6-m/nofp/libg.a(libc_a-atexit.o)
 .ARM.attributes
                0x0000036e       0x2c /usr/lib/gcc/arm-none-eabi/14.2.1/../../../arm-none-eabi/lib/thumb/v6-m/nofp/libg.a(libc_a-init.o)
 .ARM.attributes
                0x0000039a       0x2c /usr/lib/gcc/arm-none-eabi/14.2.1/../../../arm-none-eabi/lib/thumb/v6-m/nofp/libg.a(libc_a-findfp.o)
 .ARM.attributes
                0x000003c6       0x2c /usr/lib/gcc/arm-none-eabi/14.2.1/../../../arm-none-eabi/lib/thumb/v6-m/nofp/libg.a(libc_a-__call_atexit.o)
 .ARM.attributes
                0x000003f2       0x2c /usr/lib/gcc/arm-none-eabi/14.2.1/../../../arm-none-eabi/lib/thumb/v6-m/nofp/libg.a(libc_a-__atexit.o)
 .ARM.attributes
                0x0000041e       0x2c /usr/lib/gcc/arm-none-eabi/14.2.1/thumb/v6-m/nofp/crtend.o
 .ARM.attributes
                0x0000044a       0x1e /usr/lib/gcc/arm-none-eabi/14.2.1/thumb/v6-m/nofp/crtn.o

.comment        0x00000000       0x4c
 .comment       0x00000000       0x4c /usr/lib/gcc/arm-none-eabi/14.2.1/thumb/v6-m/nofp/crtbegin.o
                                 0x27 (size before relaxing)
 .comment       0x0000004c        0x0 ./USER/GOWIN_M1_it.o
                                 0x27 (size before relaxing)
 .comment       0x0000004c        0x0 ./USER/delay.o
                                 0x27 (size before relaxing)
 .comment       0x0000004c        0x0 ./USER/gpio.o
                                 0x27 (size before relaxing)
 .comment       0x0000004c        0x0 ./USER/main.o
                                 0x27 (size before relaxing)
 .comment       0x0000004c        0x0 ./SYSTEM/system_GOWIN_M1.o
                                 0x27 (size before relaxing)
 .comment       0x0000004c        0x0 ./PERIPHERAL/src/GOWIN_M1_gpio.o
                                 0x27 (size before relaxing)
 .comment       0x0000004c        0x0 ./PERIPHERAL/src/GOWIN_M1_misc.o
                                 0x27 (size before relaxing)
 .comment       0x0000004c        0x0 ./PERIPHERAL/src/GOWIN_M1_uart.o
                                 0x27 (size before relaxing)
 .comment       0x0000004c        0x0 /usr/lib/gcc/arm-none-eabi/14.2.1/thumb/v6-m/nofp/libgcc.a(unwind-arm.o)
                                 0x27 (size before relaxing)
 .comment       0x0000004c        0x0 /usr/lib/gcc/arm-none-eabi/14.2.1/thumb/v6-m/nofp/libgcc.a(pr-support.o)
                                 0x27 (size before relaxing)
 .comment       0x0000004c        0x0 /usr/lib/gcc/arm-none-eabi/14.2.1/../../../arm-none-eabi/lib/thumb/v6-m/nofp/libg.a(libc_a-memset.o)
                                 0x27 (size before relaxing)
 .comment       0x0000004c        0x0 /usr/lib/gcc/arm-none-eabi/14.2.1/../../../arm-none-eabi/lib/thumb/v6-m/nofp/libg.a(libc_a-fini.o)
                                 0x27 (size before relaxing)
 .comment       0x0000004c        0x0 /usr/lib/gcc/arm-none-eabi/14.2.1/../../../arm-none-eabi/lib/thumb/v6-m/nofp/libg.a(libc_a-memcpy-stub.o)
                                 0x27 (size before relaxing)
 .comment       0x0000004c        0x0 /usr/lib/gcc/arm-none-eabi/14.2.1/../../../arm-none-eabi/lib/thumb/v6-m/nofp/libg.a(libc_a-exit.o)
                                 0x27 (size before relaxing)
 .comment       0x0000004c        0x0 /usr/lib/gcc/arm-none-eabi/14.2.1/../../../arm-none-eabi/lib/thumb/v6-m/nofp/libg.a(libc_a-atexit.o)
                                 0x27 (size before relaxing)
 .comment       0x0000004c        0x0 /usr/lib/gcc/arm-none-eabi/14.2.1/../../../arm-none-eabi/lib/thumb/v6-m/nofp/libg.a(libc_a-init.o)
                                 0x27 (size before relaxing)
 .comment       0x0000004c        0x0 /usr/lib/gcc/arm-none-eabi/14.2.1/../../../arm-none-eabi/lib/thumb/v6-m/nofp/libg.a(libc_a-findfp.o)
                                 0x27 (size before relaxing)
 .comment       0x0000004c        0x0 /usr/lib/gcc/arm-none-eabi/14.2.1/../../../arm-none-eabi/lib/thumb/v6-m/nofp/libg.a(libc_a-__call_atexit.o)
                                 0x27 (size before relaxing)
 .comment       0x0000004c        0x0 /usr/lib/gcc/arm-none-eabi/14.2.1/../../../arm-none-eabi/lib/thumb/v6-m/nofp/libg.a(libc_a-__atexit.o)
                                 0x27 (size before relaxing)
 .comment       0x0000004c        0x0 /usr/lib/gcc/arm-none-eabi/14.2.1/thumb/v6-m/nofp/crtend.o
                                 0x27 (size before relaxing)

.debug_line     0x00000000     0x5c2c
 .debug_line    0x00000000       0x7a /usr/lib/gcc/arm-none-eabi/14.2.1/../../../arm-none-eabi/lib/thumb/v6-m/nofp/crt0.o
 .debug_line    0x0000007a      0x70b ./USER/GOWIN_M1_it.o
 .debug_line    0x00000785      0x5b3 ./USER/delay.o
 .debug_line    0x00000d38      0x4a7 ./USER/gpio.o
 .debug_line    0x000011df      0x735 ./USER/main.o
 .debug_line    0x00001914      0x491 ./SYSTEM/system_GOWIN_M1.o
 .debug_line    0x00001da5       0x6b ./STARTUP/startup_GOWIN_M1.o
 .debug_line    0x00001e10      0x6da ./PERIPHERAL/src/GOWIN_M1_gpio.o
 .debug_line    0x000024ea      0x6f2 ./PERIPHERAL/src/GOWIN_M1_misc.o
 .debug_line    0x00002bdc      0x77b ./PERIPHERAL/src/GOWIN_M1_uart.o
 .debug_line    0x00003357       0x56 /usr/lib/gcc/arm-none-eabi/14.2.1/thumb/v6-m/nofp/libgcc.a(_udivsi3.o)
 .debug_line    0x000033ad       0x4a /usr/lib/gcc/arm-none-eabi/14.2.1/thumb/v6-m/nofp/libgcc.a(_dvmd_tls.o)
 .debug_line    0x000033f7     0x115d /usr/lib/gcc/arm-none-eabi/14.2.1/thumb/v6-m/nofp/libgcc.a(unwind-arm.o)
 .debug_line    0x00004554       0x74 /usr/lib/gcc/arm-none-eabi/14.2.1/thumb/v6-m/nofp/libgcc.a(libunwind.o)
 .debug_line    0x000045c8      0x558 /usr/lib/gcc/arm-none-eabi/14.2.1/thumb/v6-m/nofp/libgcc.a(pr-support.o)
 .debug_line    0x00004b20      0x1c1 /usr/lib/gcc/arm-none-eabi/14.2.1/../../../arm-none-eabi/lib/thumb/v6-m/nofp/libg.a(libc_a-memset.o)
 .debug_line    0x00004ce1       0xd1 /usr/lib/gcc/arm-none-eabi/14.2.1/../../../arm-none-eabi/lib/thumb/v6-m/nofp/libg.a(libc_a-fini.o)
 .debug_line    0x00004db2      0x1eb /usr/lib/gcc/arm-none-eabi/14.2.1/../../../arm-none-eabi/lib/thumb/v6-m/nofp/libg.a(libc_a-memcpy-stub.o)
 .debug_line    0x00004f9d      0x141 /usr/lib/gcc/arm-none-eabi/14.2.1/../../../arm-none-eabi/lib/thumb/v6-m/nofp/libg.a(libc_a-exit.o)
 .debug_line    0x000050de       0xca /usr/lib/gcc/arm-none-eabi/14.2.1/../../../arm-none-eabi/lib/thumb/v6-m/nofp/libg.a(libc_a-atexit.o)
 .debug_line    0x000051a8      0x105 /usr/lib/gcc/arm-none-eabi/14.2.1/../../../arm-none-eabi/lib/thumb/v6-m/nofp/libg.a(libc_a-init.o)
 .debug_line    0x000052ad      0x592 /usr/lib/gcc/arm-none-eabi/14.2.1/../../../arm-none-eabi/lib/thumb/v6-m/nofp/libg.a(libc_a-findfp.o)
 .debug_line    0x0000583f      0x286 /usr/lib/gcc/arm-none-eabi/14.2.1/../../../arm-none-eabi/lib/thumb/v6-m/nofp/libg.a(libc_a-__call_atexit.o)
 .debug_line    0x00005ac5      0x167 /usr/lib/gcc/arm-none-eabi/14.2.1/../../../arm-none-eabi/lib/thumb/v6-m/nofp/libg.a(libc_a-__atexit.o)

.debug_line_str
                0x00000000      0x170
 .debug_line_str
                0x00000000      0x170 /usr/lib/gcc/arm-none-eabi/14.2.1/../../../arm-none-eabi/lib/thumb/v6-m/nofp/crt0.o
                                 0x82 (size before relaxing)
 .debug_line_str
                0x00000170        0x0 ./STARTUP/startup_GOWIN_M1.o
                                 0x52 (size before relaxing)
 .debug_line_str
                0x00000170        0x0 /usr/lib/gcc/arm-none-eabi/14.2.1/thumb/v6-m/nofp/libgcc.a(_udivsi3.o)
                                 0x90 (size before relaxing)
 .debug_line_str
                0x00000170        0x0 /usr/lib/gcc/arm-none-eabi/14.2.1/thumb/v6-m/nofp/libgcc.a(_dvmd_tls.o)
                                 0x90 (size before relaxing)
 .debug_line_str
                0x00000170        0x0 /usr/lib/gcc/arm-none-eabi/14.2.1/thumb/v6-m/nofp/libgcc.a(libunwind.o)
                                 0x90 (size before relaxing)

.debug_info     0x00000000     0x6a30
 .debug_info    0x00000000       0x24 /usr/lib/gcc/arm-none-eabi/14.2.1/../../../arm-none-eabi/lib/thumb/v6-m/nofp/crt0.o
 .debug_info    0x00000024      0x2cc ./USER/GOWIN_M1_it.o
 .debug_info    0x000002f0      0x1ce ./USER/delay.o
 .debug_info    0x000004be      0x2b1 ./USER/gpio.o
 .debug_info    0x0000076f      0x93e ./USER/main.o
 .debug_info    0x000010ad       0xb9 ./SYSTEM/system_GOWIN_M1.o
 .debug_info    0x00001166      0x221 ./STARTUP/startup_GOWIN_M1.o
 .debug_info    0x00001387      0x5bd ./PERIPHERAL/src/GOWIN_M1_gpio.o
 .debug_info    0x00001944      0x645 ./PERIPHERAL/src/GOWIN_M1_misc.o
 .debug_info    0x00001f89      0x5e5 ./PERIPHERAL/src/GOWIN_M1_uart.o
 .debug_info    0x0000256e       0x3e /usr/lib/gcc/arm-none-eabi/14.2.1/thumb/v6-m/nofp/libgcc.a(_udivsi3.o)
 .debug_info    0x000025ac       0x3c /usr/lib/gcc/arm-none-eabi/14.2.1/thumb/v6-m/nofp/libgcc.a(_dvmd_tls.o)
 .debug_info    0x000025e8     0x1fa4 /usr/lib/gcc/arm-none-eabi/14.2.1/thumb/v6-m/nofp/libgcc.a(unwind-arm.o)
 .debug_info    0x0000458c       0xb7 /usr/lib/gcc/arm-none-eabi/14.2.1/thumb/v6-m/nofp/libgcc.a(libunwind.o)
 .debug_info    0x00004643      0x9f5 /usr/lib/gcc/arm-none-eabi/14.2.1/thumb/v6-m/nofp/libgcc.a(pr-support.o)
 .debug_info    0x00005038      0x135 /usr/lib/gcc/arm-none-eabi/14.2.1/../../../arm-none-eabi/lib/thumb/v6-m/nofp/libg.a(libc_a-memset.o)
 .debug_info    0x0000516d       0xf7 /usr/lib/gcc/arm-none-eabi/14.2.1/../../../arm-none-eabi/lib/thumb/v6-m/nofp/libg.a(libc_a-fini.o)
 .debug_info    0x00005264      0x152 /usr/lib/gcc/arm-none-eabi/14.2.1/../../../arm-none-eabi/lib/thumb/v6-m/nofp/libg.a(libc_a-memcpy-stub.o)
 .debug_info    0x000053b6      0x10a /usr/lib/gcc/arm-none-eabi/14.2.1/../../../arm-none-eabi/lib/thumb/v6-m/nofp/libg.a(libc_a-exit.o)
 .debug_info    0x000054c0      0x11e /usr/lib/gcc/arm-none-eabi/14.2.1/../../../arm-none-eabi/lib/thumb/v6-m/nofp/libg.a(libc_a-atexit.o)
 .debug_info    0x000055de      0x10b /usr/lib/gcc/arm-none-eabi/14.2.1/../../../arm-none-eabi/lib/thumb/v6-m/nofp/libg.a(libc_a-init.o)
 .debug_info    0x000056e9      0xec6 /usr/lib/gcc/arm-none-eabi/14.2.1/../../../arm-none-eabi/lib/thumb/v6-m/nofp/libg.a(libc_a-findfp.o)
 .debug_info    0x000065af      0x284 /usr/lib/gcc/arm-none-eabi/14.2.1/../../../arm-none-eabi/lib/thumb/v6-m/nofp/libg.a(libc_a-__call_atexit.o)
 .debug_info    0x00006833      0x1fd /usr/lib/gcc/arm-none-eabi/14.2.1/../../../arm-none-eabi/lib/thumb/v6-m/nofp/libg.a(libc_a-__atexit.o)

.debug_abbrev   0x00000000     0x1fb6
 .debug_abbrev  0x00000000       0x14 /usr/lib/gcc/arm-none-eabi/14.2.1/../../../arm-none-eabi/lib/thumb/v6-m/nofp/crt0.o
 .debug_abbrev  0x00000014       0x62 ./USER/GOWIN_M1_it.o
 .debug_abbrev  0x00000076      0x131 ./USER/delay.o
 .debug_abbrev  0x000001a7      0x139 ./USER/gpio.o
 .debug_abbrev  0x000002e0      0x297 ./USER/main.o
 .debug_abbrev  0x00000577       0x69 ./SYSTEM/system_GOWIN_M1.o
 .debug_abbrev  0x000005e0       0x28 ./STARTUP/startup_GOWIN_M1.o
 .debug_abbrev  0x00000608      0x1b0 ./PERIPHERAL/src/GOWIN_M1_gpio.o
 .debug_abbrev  0x000007b8      0x24d ./PERIPHERAL/src/GOWIN_M1_misc.o
 .debug_abbrev  0x00000a05      0x1e2 ./PERIPHERAL/src/GOWIN_M1_uart.o
 .debug_abbrev  0x00000be7       0x28 /usr/lib/gcc/arm-none-eabi/14.2.1/thumb/v6-m/nofp/libgcc.a(_udivsi3.o)
 .debug_abbrev  0x00000c0f       0x26 /usr/lib/gcc/arm-none-eabi/14.2.1/thumb/v6-m/nofp/libgcc.a(_dvmd_tls.o)
 .debug_abbrev  0x00000c35      0x465 /usr/lib/gcc/arm-none-eabi/14.2.1/thumb/v6-m/nofp/libgcc.a(unwind-arm.o)
 .debug_abbrev  0x0000109a       0x28 /usr/lib/gcc/arm-none-eabi/14.2.1/thumb/v6-m/nofp/libgcc.a(libunwind.o)
 .debug_abbrev  0x000010c2      0x2ed /usr/lib/gcc/arm-none-eabi/14.2.1/thumb/v6-m/nofp/libgcc.a(pr-support.o)
 .debug_abbrev  0x000013af       0xb7 /usr/lib/gcc/arm-none-eabi/14.2.1/../../../arm-none-eabi/lib/thumb/v6-m/nofp/libg.a(libc_a-memset.o)
 .debug_abbrev  0x00001466       0xc9 /usr/lib/gcc/arm-none-eabi/14.2.1/../../../arm-none-eabi/lib/thumb/v6-m/nofp/libg.a(libc_a-fini.o)
 .debug_abbrev  0x0000152f       0xca /usr/lib/gcc/arm-none-eabi/14.2.1/../../../arm-none-eabi/lib/thumb/v6-m/nofp/libg.a(libc_a-memcpy-stub.o)
 .debug_abbrev  0x000015f9       0xd5 /usr/lib/gcc/arm-none-eabi/14.2.1/../../../arm-none-eabi/lib/thumb/v6-m/nofp/libg.a(libc_a-exit.o)
 .debug_abbrev  0x000016ce       0xbe /usr/lib/gcc/arm-none-eabi/14.2.1/../../../arm-none-eabi/lib/thumb/v6-m/nofp/libg.a(libc_a-atexit.o)
 .debug_abbrev  0x0000178c       0xc9 /usr/lib/gcc/arm-none-eabi/14.2.1/../../../arm-none-eabi/lib/thumb/v6-m/nofp/libg.a(libc_a-init.o)
 .debug_abbrev  0x00001855      0x430 /usr/lib/gcc/arm-none-eabi/14.2.1/../../../arm-none-eabi/lib/thumb/v6-m/nofp/libg.a(libc_a-findfp.o)
 .debug_abbrev  0x00001c85      0x1da /usr/lib/gcc/arm-none-eabi/14.2.1/../../../arm-none-eabi/lib/thumb/v6-m/nofp/libg.a(libc_a-__call_atexit.o)
 .debug_abbrev  0x00001e5f      0x157 /usr/lib/gcc/arm-none-eabi/14.2.1/../../../arm-none-eabi/lib/thumb/v6-m/nofp/libg.a(libc_a-__atexit.o)

.debug_aranges  0x00000000      0x618
 .debug_aranges
                0x00000000       0x20 /usr/lib/gcc/arm-none-eabi/14.2.1/../../../arm-none-eabi/lib/thumb/v6-m/nofp/crt0.o
 .debug_aranges
                0x00000020      0x138 ./USER/GOWIN_M1_it.o
 .debug_aranges
                0x00000158       0x38 ./USER/delay.o
 .debug_aranges
                0x00000190       0x20 ./USER/gpio.o
 .debug_aranges
                0x000001b0       0x80 ./USER/main.o
 .debug_aranges
                0x00000230       0x28 ./SYSTEM/system_GOWIN_M1.o
 .debug_aranges
                0x00000258       0x20 ./STARTUP/startup_GOWIN_M1.o
 .debug_aranges
                0x00000278       0x98 ./PERIPHERAL/src/GOWIN_M1_gpio.o
 .debug_aranges
                0x00000310       0x70 ./PERIPHERAL/src/GOWIN_M1_misc.o
 .debug_aranges
                0x00000380       0xc0 ./PERIPHERAL/src/GOWIN_M1_uart.o
 .debug_aranges
                0x00000440       0x20 /usr/lib/gcc/arm-none-eabi/14.2.1/thumb/v6-m/nofp/libgcc.a(_udivsi3.o)
 .debug_aranges
                0x00000460       0x20 /usr/lib/gcc/arm-none-eabi/14.2.1/thumb/v6-m/nofp/libgcc.a(_dvmd_tls.o)
 .debug_aranges
                0x00000480       0x20 /usr/lib/gcc/arm-none-eabi/14.2.1/thumb/v6-m/nofp/libgcc.a(unwind-arm.o)
 .debug_aranges
                0x000004a0       0x20 /usr/lib/gcc/arm-none-eabi/14.2.1/thumb/v6-m/nofp/libgcc.a(libunwind.o)
 .debug_aranges
                0x000004c0       0x30 /usr/lib/gcc/arm-none-eabi/14.2.1/thumb/v6-m/nofp/libgcc.a(pr-support.o)
 .debug_aranges
                0x000004f0       0x20 /usr/lib/gcc/arm-none-eabi/14.2.1/../../../arm-none-eabi/lib/thumb/v6-m/nofp/libg.a(libc_a-memset.o)
 .debug_aranges
                0x00000510       0x20 /usr/lib/gcc/arm-none-eabi/14.2.1/../../../arm-none-eabi/lib/thumb/v6-m/nofp/libg.a(libc_a-fini.o)
 .debug_aranges
                0x00000530       0x20 /usr/lib/gcc/arm-none-eabi/14.2.1/../../../arm-none-eabi/lib/thumb/v6-m/nofp/libg.a(libc_a-memcpy-stub.o)
 .debug_aranges
                0x00000550       0x20 /usr/lib/gcc/arm-none-eabi/14.2.1/../../../arm-none-eabi/lib/thumb/v6-m/nofp/libg.a(libc_a-exit.o)
 .debug_aranges
                0x00000570       0x20 /usr/lib/gcc/arm-none-eabi/14.2.1/../../../arm-none-eabi/lib/thumb/v6-m/nofp/libg.a(libc_a-atexit.o)
 .debug_aranges
                0x00000590       0x20 /usr/lib/gcc/arm-none-eabi/14.2.1/../../../arm-none-eabi/lib/thumb/v6-m/nofp/libg.a(libc_a-init.o)
 .debug_aranges
                0x000005b0       0x20 /usr/lib/gcc/arm-none-eabi/14.2.1/../../../arm-none-eabi/lib/thumb/v6-m/nofp/libg.a(libc_a-findfp.o)
 .debug_aranges
                0x000005d0       0x28 /usr/lib/gcc/arm-none-eabi/14.2.1/../../../arm-none-eabi/lib/thumb/v6-m/nofp/libg.a(libc_a-__call_atexit.o)
 .debug_aranges
                0x000005f8       0x20 /usr/lib/gcc/arm-none-eabi/14.2.1/../../../arm-none-eabi/lib/thumb/v6-m/nofp/libg.a(libc_a-__atexit.o)

.debug_str      0x00000000     0xf855
 .debug_str     0x00000000     0xf855 /usr/lib/gcc/arm-none-eabi/14.2.1/../../../arm-none-eabi/lib/thumb/v6-m/nofp/crt0.o
                                 0x91 (size before relaxing)
 .debug_str     0x0000f855        0x0 ./USER/GOWIN_M1_it.o
                               0xc213 (size before relaxing)
 .debug_str     0x0000f855        0x0 ./USER/delay.o
                               0xc08b (size before relaxing)
 .debug_str     0x0000f855        0x0 ./USER/gpio.o
                               0xc1a1 (size before relaxing)
 .debug_str     0x0000f855        0x0 ./USER/main.o
                               0xd8a8 (size before relaxing)
 .debug_str     0x0000f855        0x0 ./SYSTEM/system_GOWIN_M1.o
                               0xc040 (size before relaxing)
 .debug_str     0x0000f855        0x0 ./STARTUP/startup_GOWIN_M1.o
                                0x2b6 (size before relaxing)
 .debug_str     0x0000f855        0x0 ./PERIPHERAL/src/GOWIN_M1_gpio.o
                               0xc2a6 (size before relaxing)
 .debug_str     0x0000f855        0x0 ./PERIPHERAL/src/GOWIN_M1_misc.o
                               0xc4f4 (size before relaxing)
 .debug_str     0x0000f855        0x0 ./PERIPHERAL/src/GOWIN_M1_uart.o
                               0xc32d (size before relaxing)
 .debug_str     0x0000f855        0x0 /usr/lib/gcc/arm-none-eabi/14.2.1/thumb/v6-m/nofp/libgcc.a(_udivsi3.o)
                                 0xba (size before relaxing)
 .debug_str     0x0000f855        0x0 /usr/lib/gcc/arm-none-eabi/14.2.1/thumb/v6-m/nofp/libgcc.a(_dvmd_tls.o)
                                 0xbb (size before relaxing)
 .debug_str     0x0000f855        0x0 /usr/lib/gcc/arm-none-eabi/14.2.1/thumb/v6-m/nofp/libgcc.a(unwind-arm.o)
                                0xc57 (size before relaxing)
 .debug_str     0x0000f855        0x0 /usr/lib/gcc/arm-none-eabi/14.2.1/thumb/v6-m/nofp/libgcc.a(libunwind.o)
                                0x19d (size before relaxing)
 .debug_str     0x0000f855        0x0 /usr/lib/gcc/arm-none-eabi/14.2.1/thumb/v6-m/nofp/libgcc.a(pr-support.o)
                                0x59d (size before relaxing)
 .debug_str     0x0000f855        0x0 /usr/lib/gcc/arm-none-eabi/14.2.1/../../../arm-none-eabi/lib/thumb/v6-m/nofp/libg.a(libc_a-memset.o)
                                0x1a5 (size before relaxing)
 .debug_str     0x0000f855        0x0 /usr/lib/gcc/arm-none-eabi/14.2.1/../../../arm-none-eabi/lib/thumb/v6-m/nofp/libg.a(libc_a-fini.o)
                                0x1c8 (size before relaxing)
 .debug_str     0x0000f855        0x0 /usr/lib/gcc/arm-none-eabi/14.2.1/../../../arm-none-eabi/lib/thumb/v6-m/nofp/libg.a(libc_a-memcpy-stub.o)
                                0x1c2 (size before relaxing)
 .debug_str     0x0000f855        0x0 /usr/lib/gcc/arm-none-eabi/14.2.1/../../../arm-none-eabi/lib/thumb/v6-m/nofp/libg.a(libc_a-exit.o)
                                0x1b7 (size before relaxing)
 .debug_str     0x0000f855        0x0 /usr/lib/gcc/arm-none-eabi/14.2.1/../../../arm-none-eabi/lib/thumb/v6-m/nofp/libg.a(libc_a-atexit.o)
                                0x1ce (size before relaxing)
 .debug_str     0x0000f855        0x0 /usr/lib/gcc/arm-none-eabi/14.2.1/../../../arm-none-eabi/lib/thumb/v6-m/nofp/libg.a(libc_a-init.o)
                                0x1f2 (size before relaxing)
 .debug_str     0x0000f855        0x0 /usr/lib/gcc/arm-none-eabi/14.2.1/../../../arm-none-eabi/lib/thumb/v6-m/nofp/libg.a(libc_a-findfp.o)
                                0x6c1 (size before relaxing)
 .debug_str     0x0000f855        0x0 /usr/lib/gcc/arm-none-eabi/14.2.1/../../../arm-none-eabi/lib/thumb/v6-m/nofp/libg.a(libc_a-__call_atexit.o)
                                0x25b (size before relaxing)
 .debug_str     0x0000f855        0x0 /usr/lib/gcc/arm-none-eabi/14.2.1/../../../arm-none-eabi/lib/thumb/v6-m/nofp/libg.a(libc_a-__atexit.o)
                                0x239 (size before relaxing)

.debug_rnglists
                0x00000000      0x483
 .debug_rnglists
                0x00000000       0xe5 ./USER/GOWIN_M1_it.o
 .debug_rnglists
                0x000000e5       0x26 ./USER/delay.o
 .debug_rnglists
                0x0000010b       0x13 ./USER/gpio.o
 .debug_rnglists
                0x0000011e       0x5c ./USER/main.o
 .debug_rnglists
                0x0000017a       0x19 ./SYSTEM/system_GOWIN_M1.o
 .debug_rnglists
                0x00000193       0x6e ./PERIPHERAL/src/GOWIN_M1_gpio.o
 .debug_rnglists
                0x00000201       0x51 ./PERIPHERAL/src/GOWIN_M1_misc.o
 .debug_rnglists
                0x00000252       0x8c ./PERIPHERAL/src/GOWIN_M1_uart.o
 .debug_rnglists
                0x000002de       0xc6 /usr/lib/gcc/arm-none-eabi/14.2.1/thumb/v6-m/nofp/libgcc.a(unwind-arm.o)
 .debug_rnglists
                0x000003a4       0x42 /usr/lib/gcc/arm-none-eabi/14.2.1/thumb/v6-m/nofp/libgcc.a(pr-support.o)
 .debug_rnglists
                0x000003e6       0x6d /usr/lib/gcc/arm-none-eabi/14.2.1/../../../arm-none-eabi/lib/thumb/v6-m/nofp/libg.a(libc_a-findfp.o)
 .debug_rnglists
                0x00000453       0x30 /usr/lib/gcc/arm-none-eabi/14.2.1/../../../arm-none-eabi/lib/thumb/v6-m/nofp/libg.a(libc_a-__call_atexit.o)

.debug_macro    0x00000000     0x437a
 .debug_macro   0x00000000      0x241 ./USER/GOWIN_M1_it.o
 .debug_macro   0x00000241      0xa96 ./USER/GOWIN_M1_it.o
 .debug_macro   0x00000cd7       0x2d ./USER/GOWIN_M1_it.o
 .debug_macro   0x00000d04      0x34e ./USER/GOWIN_M1_it.o
 .debug_macro   0x00001052       0x1c ./USER/GOWIN_M1_it.o
 .debug_macro   0x0000106e       0x22 ./USER/GOWIN_M1_it.o
 .debug_macro   0x00001090       0xaf ./USER/GOWIN_M1_it.o
 .debug_macro   0x0000113f      0x3b4 ./USER/GOWIN_M1_it.o
 .debug_macro   0x000014f3      0x353 ./USER/GOWIN_M1_it.o
 .debug_macro   0x00001846       0x76 ./USER/GOWIN_M1_it.o
 .debug_macro   0x000018bc       0x3a ./USER/GOWIN_M1_it.o
 .debug_macro   0x000018f6       0x22 ./USER/GOWIN_M1_it.o
 .debug_macro   0x00001918       0x40 ./USER/GOWIN_M1_it.o
 .debug_macro   0x00001958       0x22 ./USER/GOWIN_M1_it.o
 .debug_macro   0x0000197a       0x58 ./USER/GOWIN_M1_it.o
 .debug_macro   0x000019d2       0xd0 ./USER/GOWIN_M1_it.o
 .debug_macro   0x00001aa2       0x22 ./USER/GOWIN_M1_it.o
 .debug_macro   0x00001ac4       0x60 ./USER/GOWIN_M1_it.o
 .debug_macro   0x00001b24       0x24 ./USER/GOWIN_M1_it.o
 .debug_macro   0x00001b48       0x94 ./USER/GOWIN_M1_it.o
 .debug_macro   0x00001bdc       0x3c ./USER/GOWIN_M1_it.o
 .debug_macro   0x00001c18       0x34 ./USER/GOWIN_M1_it.o
 .debug_macro   0x00001c4c       0x16 ./USER/GOWIN_M1_it.o
 .debug_macro   0x00001c62       0x57 ./USER/GOWIN_M1_it.o
 .debug_macro   0x00001cb9       0x9e ./USER/GOWIN_M1_it.o
 .debug_macro   0x00001d57      0x364 ./USER/GOWIN_M1_it.o
 .debug_macro   0x000020bb      0x112 ./USER/GOWIN_M1_it.o
 .debug_macro   0x000021cd       0x10 ./USER/GOWIN_M1_it.o
 .debug_macro   0x000021dd       0x16 ./USER/GOWIN_M1_it.o
 .debug_macro   0x000021f3       0x4a ./USER/GOWIN_M1_it.o
 .debug_macro   0x0000223d       0x34 ./USER/GOWIN_M1_it.o
 .debug_macro   0x00002271       0x10 ./USER/GOWIN_M1_it.o
 .debug_macro   0x00002281       0x52 ./USER/GOWIN_M1_it.o
 .debug_macro   0x000022d3      0x1e5 ./USER/GOWIN_M1_it.o
 .debug_macro   0x000024b8       0x16 ./USER/GOWIN_M1_it.o
 .debug_macro   0x000024ce       0x16 ./USER/GOWIN_M1_it.o
 .debug_macro   0x000024e4      0x170 ./USER/GOWIN_M1_it.o
 .debug_macro   0x00002654      0x119 ./USER/GOWIN_M1_it.o
 .debug_macro   0x0000276d       0x88 ./USER/GOWIN_M1_it.o
 .debug_macro   0x000027f5       0x22 ./USER/GOWIN_M1_it.o
 .debug_macro   0x00002817      0x10c ./USER/GOWIN_M1_it.o
 .debug_macro   0x00002923       0x76 ./USER/GOWIN_M1_it.o
 .debug_macro   0x00002999       0x70 ./USER/GOWIN_M1_it.o
 .debug_macro   0x00002a09       0x22 ./USER/GOWIN_M1_it.o
 .debug_macro   0x00002a2b       0x4c ./USER/GOWIN_M1_it.o
 .debug_macro   0x00002a77       0x94 ./USER/GOWIN_M1_it.o
 .debug_macro   0x00002b0b       0x34 ./USER/GOWIN_M1_it.o
 .debug_macro   0x00002b3f      0x247 ./USER/delay.o
 .debug_macro   0x00002d86      0x241 ./USER/gpio.o
 .debug_macro   0x00002fc7      0x330 ./USER/main.o
 .debug_macro   0x000032f7       0x10 ./USER/main.o
 .debug_macro   0x00003307      0x242 ./USER/main.o
 .debug_macro   0x00003549       0x16 ./USER/main.o
 .debug_macro   0x0000355f       0x3c ./USER/main.o
 .debug_macro   0x0000359b       0x10 ./USER/main.o
 .debug_macro   0x000035ab       0x10 ./USER/main.o
 .debug_macro   0x000035bb       0x10 ./USER/main.o
 .debug_macro   0x000035cb       0x6a ./USER/main.o
 .debug_macro   0x00003635       0x1c ./USER/main.o
 .debug_macro   0x00003651       0x52 ./USER/main.o
 .debug_macro   0x000036a3       0x22 ./USER/main.o
 .debug_macro   0x000036c5       0x10 ./USER/main.o
 .debug_macro   0x000036d5       0x52 ./USER/main.o
 .debug_macro   0x00003727       0xc1 ./USER/main.o
 .debug_macro   0x000037e8       0x1c ./USER/main.o
 .debug_macro   0x00003804       0x3d ./USER/main.o
 .debug_macro   0x00003841       0x35 ./USER/main.o
 .debug_macro   0x00003876      0x12c ./USER/main.o
 .debug_macro   0x000039a2      0x243 ./SYSTEM/system_GOWIN_M1.o
 .debug_macro   0x00003be5      0x241 ./PERIPHERAL/src/GOWIN_M1_gpio.o
 .debug_macro   0x00003e26       0x6a ./PERIPHERAL/src/GOWIN_M1_gpio.o
 .debug_macro   0x00003e90      0x247 ./PERIPHERAL/src/GOWIN_M1_misc.o
 .debug_macro   0x000040d7       0x2e ./PERIPHERAL/src/GOWIN_M1_misc.o
 .debug_macro   0x00004105      0x241 ./PERIPHERAL/src/GOWIN_M1_uart.o
 .debug_macro   0x00004346       0x34 ./PERIPHERAL/src/GOWIN_M1_uart.o

.debug_frame    0x00000000     0x1348
 .debug_frame   0x00000000      0x400 ./USER/GOWIN_M1_it.o
 .debug_frame   0x00000400       0x8c ./USER/delay.o
 .debug_frame   0x0000048c       0x30 ./USER/gpio.o
 .debug_frame   0x000004bc      0x1ac ./USER/main.o
 .debug_frame   0x00000668       0x48 ./SYSTEM/system_GOWIN_M1.o
 .debug_frame   0x000006b0      0x210 ./PERIPHERAL/src/GOWIN_M1_gpio.o
 .debug_frame   0x000008c0      0x168 ./PERIPHERAL/src/GOWIN_M1_misc.o
 .debug_frame   0x00000a28      0x2b0 ./PERIPHERAL/src/GOWIN_M1_uart.o
 .debug_frame   0x00000cd8       0x20 /usr/lib/gcc/arm-none-eabi/14.2.1/thumb/v6-m/nofp/libgcc.a(_udivsi3.o)
 .debug_frame   0x00000cf8      0x2b8 /usr/lib/gcc/arm-none-eabi/14.2.1/thumb/v6-m/nofp/libgcc.a(unwind-arm.o)
 .debug_frame   0x00000fb0       0xf8 /usr/lib/gcc/arm-none-eabi/14.2.1/thumb/v6-m/nofp/libgcc.a(pr-support.o)
 .debug_frame   0x000010a8       0x30 /usr/lib/gcc/arm-none-eabi/14.2.1/../../../arm-none-eabi/lib/thumb/v6-m/nofp/libg.a(libc_a-memset.o)
 .debug_frame   0x000010d8       0x2c /usr/lib/gcc/arm-none-eabi/14.2.1/../../../arm-none-eabi/lib/thumb/v6-m/nofp/libg.a(libc_a-fini.o)
 .debug_frame   0x00001104       0x30 /usr/lib/gcc/arm-none-eabi/14.2.1/../../../arm-none-eabi/lib/thumb/v6-m/nofp/libg.a(libc_a-memcpy-stub.o)
 .debug_frame   0x00001134       0x28 /usr/lib/gcc/arm-none-eabi/14.2.1/../../../arm-none-eabi/lib/thumb/v6-m/nofp/libg.a(libc_a-exit.o)
 .debug_frame   0x0000115c       0x28 /usr/lib/gcc/arm-none-eabi/14.2.1/../../../arm-none-eabi/lib/thumb/v6-m/nofp/libg.a(libc_a-atexit.o)
 .debug_frame   0x00001184       0x2c /usr/lib/gcc/arm-none-eabi/14.2.1/../../../arm-none-eabi/lib/thumb/v6-m/nofp/libg.a(libc_a-init.o)
 .debug_frame   0x000011b0      0x110 /usr/lib/gcc/arm-none-eabi/14.2.1/../../../arm-none-eabi/lib/thumb/v6-m/nofp/libg.a(libc_a-findfp.o)
 .debug_frame   0x000012c0       0x54 /usr/lib/gcc/arm-none-eabi/14.2.1/../../../arm-none-eabi/lib/thumb/v6-m/nofp/libg.a(libc_a-__call_atexit.o)
 .debug_frame   0x00001314       0x34 /usr/lib/gcc/arm-none-eabi/14.2.1/../../../arm-none-eabi/lib/thumb/v6-m/nofp/libg.a(libc_a-__atexit.o)

.debug_loclists
                0x00000000     0x25fc
 .debug_loclists
                0x00000000     0x17fd /usr/lib/gcc/arm-none-eabi/14.2.1/thumb/v6-m/nofp/libgcc.a(unwind-arm.o)
 .debug_loclists
                0x000017fd      0x497 /usr/lib/gcc/arm-none-eabi/14.2.1/thumb/v6-m/nofp/libgcc.a(pr-support.o)
 .debug_loclists
                0x00001c94      0x1c6 /usr/lib/gcc/arm-none-eabi/14.2.1/../../../arm-none-eabi/lib/thumb/v6-m/nofp/libg.a(libc_a-memset.o)
 .debug_loclists
                0x00001e5a       0x2c /usr/lib/gcc/arm-none-eabi/14.2.1/../../../arm-none-eabi/lib/thumb/v6-m/nofp/libg.a(libc_a-fini.o)
 .debug_loclists
                0x00001e86      0x2c7 /usr/lib/gcc/arm-none-eabi/14.2.1/../../../arm-none-eabi/lib/thumb/v6-m/nofp/libg.a(libc_a-memcpy-stub.o)
 .debug_loclists
                0x0000214d       0x1b /usr/lib/gcc/arm-none-eabi/14.2.1/../../../arm-none-eabi/lib/thumb/v6-m/nofp/libg.a(libc_a-exit.o)
 .debug_loclists
                0x00002168       0x2b /usr/lib/gcc/arm-none-eabi/14.2.1/../../../arm-none-eabi/lib/thumb/v6-m/nofp/libg.a(libc_a-atexit.o)
 .debug_loclists
                0x00002193       0x5a /usr/lib/gcc/arm-none-eabi/14.2.1/../../../arm-none-eabi/lib/thumb/v6-m/nofp/libg.a(libc_a-init.o)
 .debug_loclists
                0x000021ed      0x1dd /usr/lib/gcc/arm-none-eabi/14.2.1/../../../arm-none-eabi/lib/thumb/v6-m/nofp/libg.a(libc_a-findfp.o)
 .debug_loclists
                0x000023ca      0x133 /usr/lib/gcc/arm-none-eabi/14.2.1/../../../arm-none-eabi/lib/thumb/v6-m/nofp/libg.a(libc_a-__call_atexit.o)
 .debug_loclists
                0x000024fd       0xff /usr/lib/gcc/arm-none-eabi/14.2.1/../../../arm-none-eabi/lib/thumb/v6-m/nofp/libg.a(libc_a-__atexit.o)
