Archive member included to satisfy reference by file (symbol)

/usr/lib/gcc/arm-none-eabi/14.2.1/thumb/v6-m/nofp/libgcc.a(_udivsi3.o)
                              CMakeFiles/softcore_fw_example.elf.dir/drivers/src/GOWIN_M1_i2c.c.o (__aeabi_uidiv)
/usr/lib/gcc/arm-none-eabi/14.2.1/thumb/v6-m/nofp/libgcc.a(_dvmd_tls.o)
                              /usr/lib/gcc/arm-none-eabi/14.2.1/thumb/v6-m/nofp/libgcc.a(_udivsi3.o) (__aeabi_idiv0)
/usr/lib/gcc/arm-none-eabi/14.2.1/thumb/v6-m/nofp/libgcc.a(unwind-arm.o)
                              CMakeFiles/softcore_fw_example.elf.dir/bsp/gowin/startup/startup_GOWIN_M1.S.o (__aeabi_unwind_cpp_pr0)
/usr/lib/gcc/arm-none-eabi/14.2.1/thumb/v6-m/nofp/libgcc.a(libunwind.o)
                              /usr/lib/gcc/arm-none-eabi/14.2.1/thumb/v6-m/nofp/libgcc.a(unwind-arm.o) (restore_core_regs)
/usr/lib/gcc/arm-none-eabi/14.2.1/thumb/v6-m/nofp/libgcc.a(pr-support.o)
                              /usr/lib/gcc/arm-none-eabi/14.2.1/thumb/v6-m/nofp/libgcc.a(unwind-arm.o) (__gnu_unwind_execute)
/usr/lib/gcc/arm-none-eabi/14.2.1/../../../arm-none-eabi/lib/thumb/v6-m/nofp/libc.a(libc_a-memset.o)
                              /usr/lib/gcc/arm-none-eabi/14.2.1/../../../arm-none-eabi/lib/thumb/v6-m/nofp/crt0.o (memset)
/usr/lib/gcc/arm-none-eabi/14.2.1/../../../arm-none-eabi/lib/thumb/v6-m/nofp/libc.a(libc_a-fini.o)
                              /usr/lib/gcc/arm-none-eabi/14.2.1/../../../arm-none-eabi/lib/thumb/v6-m/nofp/crt0.o (__libc_fini_array)
/usr/lib/gcc/arm-none-eabi/14.2.1/../../../arm-none-eabi/lib/thumb/v6-m/nofp/libc.a(libc_a-reent.o)
                              CMakeFiles/softcore_fw_example.elf.dir/src/main.c.o (errno)
/usr/lib/gcc/arm-none-eabi/14.2.1/../../../arm-none-eabi/lib/thumb/v6-m/nofp/libc.a(libc_a-abort.o)
                              /usr/lib/gcc/arm-none-eabi/14.2.1/thumb/v6-m/nofp/libgcc.a(pr-support.o) (abort)
/usr/lib/gcc/arm-none-eabi/14.2.1/../../../arm-none-eabi/lib/thumb/v6-m/nofp/libc.a(libc_a-freer.o)
                              /usr/lib/gcc/arm-none-eabi/14.2.1/../../../arm-none-eabi/lib/thumb/v6-m/nofp/libc.a(libc_a-reent.o) (_free_r)
/usr/lib/gcc/arm-none-eabi/14.2.1/../../../arm-none-eabi/lib/thumb/v6-m/nofp/libc.a(libc_a-memcpy-stub.o)
                              /usr/lib/gcc/arm-none-eabi/14.2.1/thumb/v6-m/nofp/libgcc.a(unwind-arm.o) (memcpy)
/usr/lib/gcc/arm-none-eabi/14.2.1/../../../arm-none-eabi/lib/thumb/v6-m/nofp/libc.a(libc_a-mlock.o)
                              /usr/lib/gcc/arm-none-eabi/14.2.1/../../../arm-none-eabi/lib/thumb/v6-m/nofp/libc.a(libc_a-freer.o) (__malloc_lock)
/usr/lib/gcc/arm-none-eabi/14.2.1/../../../arm-none-eabi/lib/thumb/v6-m/nofp/libc.a(libc_a-sbrkr.o)
                              /usr/lib/gcc/arm-none-eabi/14.2.1/../../../arm-none-eabi/lib/thumb/v6-m/nofp/libc.a(libc_a-freer.o) (_sbrk_r)
/usr/lib/gcc/arm-none-eabi/14.2.1/../../../arm-none-eabi/lib/thumb/v6-m/nofp/libc.a(libc_a-exit.o)
                              /usr/lib/gcc/arm-none-eabi/14.2.1/../../../arm-none-eabi/lib/thumb/v6-m/nofp/crt0.o (exit)
/usr/lib/gcc/arm-none-eabi/14.2.1/../../../arm-none-eabi/lib/thumb/v6-m/nofp/libc.a(libc_a-atexit.o)
                              /usr/lib/gcc/arm-none-eabi/14.2.1/../../../arm-none-eabi/lib/thumb/v6-m/nofp/crt0.o (atexit)
/usr/lib/gcc/arm-none-eabi/14.2.1/../../../arm-none-eabi/lib/thumb/v6-m/nofp/libc.a(libc_a-signal.o)
                              /usr/lib/gcc/arm-none-eabi/14.2.1/../../../arm-none-eabi/lib/thumb/v6-m/nofp/libc.a(libc_a-abort.o) (raise)
/usr/lib/gcc/arm-none-eabi/14.2.1/../../../arm-none-eabi/lib/thumb/v6-m/nofp/libc.a(libc_a-init.o)
                              /usr/lib/gcc/arm-none-eabi/14.2.1/../../../arm-none-eabi/lib/thumb/v6-m/nofp/crt0.o (__libc_init_array)
/usr/lib/gcc/arm-none-eabi/14.2.1/../../../arm-none-eabi/lib/thumb/v6-m/nofp/libc.a(libc_a-impure.o)
                              /usr/lib/gcc/arm-none-eabi/14.2.1/../../../arm-none-eabi/lib/thumb/v6-m/nofp/libc.a(libc_a-reent.o) (_impure_ptr)
/usr/lib/gcc/arm-none-eabi/14.2.1/../../../arm-none-eabi/lib/thumb/v6-m/nofp/libc.a(libc_a-findfp.o)
                              /usr/lib/gcc/arm-none-eabi/14.2.1/../../../arm-none-eabi/lib/thumb/v6-m/nofp/libc.a(libc_a-impure.o) (__sf)
/usr/lib/gcc/arm-none-eabi/14.2.1/../../../arm-none-eabi/lib/thumb/v6-m/nofp/libc.a(libc_a-sysconf.o)
                              /usr/lib/gcc/arm-none-eabi/14.2.1/../../../arm-none-eabi/lib/thumb/v6-m/nofp/libc.a(libc_a-freer.o) (sysconf)
/usr/lib/gcc/arm-none-eabi/14.2.1/../../../arm-none-eabi/lib/thumb/v6-m/nofp/libc.a(libc_a-fclose.o)
                              /usr/lib/gcc/arm-none-eabi/14.2.1/../../../arm-none-eabi/lib/thumb/v6-m/nofp/libc.a(libc_a-findfp.o) (_fclose_r)
/usr/lib/gcc/arm-none-eabi/14.2.1/../../../arm-none-eabi/lib/thumb/v6-m/nofp/libc.a(libc_a-mallocr.o)
                              /usr/lib/gcc/arm-none-eabi/14.2.1/../../../arm-none-eabi/lib/thumb/v6-m/nofp/libc.a(libc_a-signal.o) (_malloc_r)
[...]
Memory Configuration

Name             Origin             Length             Attributes
FLASH            0x00000000         0x00004000         xr
RAM              0x20000000         0x00004000         xrw
*default*        0x00000000         0xffffffff

Linker script and memory map

LOAD /usr/lib/gcc/arm-none-eabi/14.2.1/thumb/v6-m/nofp/crti.o
LOAD /usr/lib/gcc/arm-none-eabi/14.2.1/thumb/v6-m/nofp/crtbegin.o
LOAD /usr/lib/gcc/arm-none-eabi/14.2.1/../../../arm-none-eabi/lib/thumb/v6-m/nofp/crt0.o
LOAD CMakeFiles/softcore_fw_example.elf.dir/bsp/gowin/startup/startup_GOWIN_M1.S.o
LOAD CMakeFiles/softcore_fw_example.elf.dir/bsp/gowin/system/system_GOWIN_M1.c.o
LOAD CMakeFiles/softcore_fw_example.elf.dir/drivers/src/GOWIN_M1_can.c.o
LOAD CMakeFiles/softcore_fw_example.elf.dir/drivers/src/GOWIN_M1_ddr3.c.o
LOAD CMakeFiles/softcore_fw_example.elf.dir/drivers/src/GOWIN_M1_dualtimer.c.o
LOAD CMakeFiles/softcore_fw_example.elf.dir/drivers/src/GOWIN_M1_ethernet.c.o
LOAD CMakeFiles/softcore_fw_example.elf.dir/drivers/src/GOWIN_M1_gpio.c.o
LOAD CMakeFiles/softcore_fw_example.elf.dir/drivers/src/GOWIN_M1_i2c.c.o
LOAD CMakeFiles/softcore_fw_example.elf.dir/drivers/src/GOWIN_M1_misc.c.o
LOAD CMakeFiles/softcore_fw_example.elf.dir/drivers/src/GOWIN_M1_psram.c.o
LOAD CMakeFiles/softcore_fw_example.elf.dir/drivers/src/GOWIN_M1_qspi_flash.c.o
LOAD CMakeFiles/softcore_fw_example.elf.dir/drivers/src/GOWIN_M1_rtc.c.o
LOAD CMakeFiles/softcore_fw_example.elf.dir/drivers/src/GOWIN_M1_sdcard.c.o
LOAD CMakeFiles/softcore_fw_example.elf.dir/drivers/src/GOWIN_M1_spi.c.o
LOAD CMakeFiles/softcore_fw_example.elf.dir/drivers/src/GOWIN_M1_spi_flash.c.o
LOAD CMakeFiles/softcore_fw_example.elf.dir/drivers/src/GOWIN_M1_timer.c.o
LOAD CMakeFiles/softcore_fw_example.elf.dir/drivers/src/GOWIN_M1_trng.c.o
LOAD CMakeFiles/softcore_fw_example.elf.dir/drivers/src/GOWIN_M1_uart.c.o
LOAD CMakeFiles/softcore_fw_example.elf.dir/drivers/src/GOWIN_M1_wdog.c.o
LOAD CMakeFiles/softcore_fw_example.elf.dir/src/GOWIN_M1_it.c.o
LOAD CMakeFiles/softcore_fw_example.elf.dir/src/delay.c.o
LOAD CMakeFiles/softcore_fw_example.elf.dir/src/gpio.c.o
LOAD CMakeFiles/softcore_fw_example.elf.dir/src/main.c.o
START GROUP
LOAD /usr/lib/gcc/arm-none-eabi/14.2.1/thumb/v6-m/nofp/libgcc.a
LOAD /usr/lib/gcc/arm-none-eabi/14.2.1/../../../arm-none-eabi/lib/thumb/v6-m/nofp/libc.a
END GROUP
LOAD /usr/lib/gcc/arm-none-eabi/14.2.1/thumb/v6-m/nofp/crtend.o
LOAD /usr/lib/gcc/arm-none-eabi/14.2.1/thumb/v6-m/nofp/crtn.o
START GROUP
LOAD /usr/lib/gcc/arm-none-eabi/14.2.1/thumb/v6-m/nofp/libgcc.a
LOAD /usr/lib/gcc/arm-none-eabi/14.2.1/../../../arm-none-eabi/lib/thumb/v6-m/nofp/libc.a
LOAD /usr/lib/gcc/arm-none-eabi/14.2.1/../../../arm-none-eabi/lib/thumb/v6-m/nofp/libm.a
LOAD /usr/lib/gcc/arm-none-eabi/14.2.1/../../../arm-none-eabi/lib/thumb/v6-m/nofp/libnosys.a
END GROUP

.text           0x00000000     0x1cb4
 *(.vectors)
 .vectors       0x00000000       0xc0 CMakeFiles/softcore_fw_example.elf.dir/bsp/gowin/startup/startup_GOWIN_M1.S.o
                0x00000000                __Vectors
                0x000000c0                __Vectors_End
 *(.text*)
 .text          0x000000c0       0x98 /usr/lib/gcc/arm-none-eabi/14.2.1/thumb/v6-m/nofp/crtbegin.o
 .text          0x00000158       0x74 /usr/lib/gcc/arm-none-eabi/14.2.1/../../../arm-none-eabi/lib/thumb/v6-m/nofp/crt0.o
                0x00000158                _stack_init
                0x00000164                _mainCRTStartup
                0x00000164                _start
 .text          0x000001cc       0x28 CMakeFiles/softcore_fw_example.elf.dir/bsp/gowin/startup/startup_GOWIN_M1.S.o
                0x000001cc                Reset_Handler
                0x000001e6                UARTOVF_Handler
                0x000001e6                Default_Handler
 .text.SystemInit
                0x000001f4       0x18 CMakeFiles/softcore_fw_example.elf.dir/bsp/gowin/system/system_GOWIN_M1.c.o
                0x000001f4                SystemInit
 .text.GPIO_Init
                0x0000020c      0x186 CMakeFiles/softcore_fw_example.elf.dir/drivers/src/GOWIN_M1_gpio.c.o
                0x0000020c                GPIO_Init
 .text.GPIO_SetBit
                0x00000392       0x1e CMakeFiles/softcore_fw_example.elf.dir/drivers/src/GOWIN_M1_gpio.c.o
                0x00000392                GPIO_SetBit
 .text.GPIO_ResetBit
                0x000003b0       0x20 CMakeFiles/softcore_fw_example.elf.dir/drivers/src/GOWIN_M1_gpio.c.o
                0x000003b0                GPIO_ResetBit
 .text.SysTick_CLKSourceConfig
                0x000003d0       0x34 CMakeFiles/softcore_fw_example.elf.dir/drivers/src/GOWIN_M1_misc.c.o
                0x000003d0                SysTick_CLKSourceConfig
 .text.UART_Init
                0x00000404       0xdc CMakeFiles/softcore_fw_example.elf.dir/drivers/src/GOWIN_M1_uart.c.o
                0x00000404                UART_Init
 .text.UART_SendChar
                0x000004e0       0x2c CMakeFiles/softcore_fw_example.elf.dir/drivers/src/GOWIN_M1_uart.c.o
                0x000004e0                UART_SendChar
 .text.UART_SendString
                0x0000050c       0x40 CMakeFiles/softcore_fw_example.elf.dir/drivers/src/GOWIN_M1_uart.c.o
                0x0000050c                UART_SendString
 .text.NMI_Handler
                0x0000054c        0xa CMakeFiles/softcore_fw_example.elf.dir/src/GOWIN_M1_it.c.o
                0x0000054c                NMI_Handler
 .text.HardFault_Handler
                0x00000556        0x6 CMakeFiles/softcore_fw_example.elf.dir/src/GOWIN_M1_it.c.o
                0x00000556                HardFault_Handler
 .text.SVC_Handler
                0x0000055c        0xa CMakeFiles/softcore_fw_example.elf.dir/src/GOWIN_M1_it.c.o
                0x0000055c                SVC_Handler
 .text.PendSV_Handler
                0x00000566        0xa CMakeFiles/softcore_fw_example.elf.dir/src/GOWIN_M1_it.c.o
                0x00000566                PendSV_Handler
 .text.SysTick_Handler
                0x00000570        0xa CMakeFiles/softcore_fw_example.elf.dir/src/GOWIN_M1_it.c.o
                0x00000570                SysTick_Handler
 .text.UART0_Handler
                0x0000057a        0xa CMakeFiles/softcore_fw_example.elf.dir/src/GOWIN_M1_it.c.o
                0x0000057a                UART0_Handler
 .text.UART1_Handler
                0x00000584        0xa CMakeFiles/softcore_fw_example.elf.dir/src/GOWIN_M1_it.c.o
                0x00000584                UART1_Handler
 .text.TIMER0_Handler
                0x0000058e        0xa CMakeFiles/softcore_fw_example.elf.dir/src/GOWIN_M1_it.c.o
                0x0000058e                TIMER0_Handler
 .text.TIMER1_Handler
                0x00000598        0xa CMakeFiles/softcore_fw_example.elf.dir/src/GOWIN_M1_it.c.o
                0x00000598                TIMER1_Handler
 .text.GPIO0_Handler
                0x000005a2        0xa CMakeFiles/softcore_fw_example.elf.dir/src/GOWIN_M1_it.c.o
                0x000005a2                GPIO0_Handler
 .text.RTC_Handler
                0x000005ac        0xa CMakeFiles/softcore_fw_example.elf.dir/src/GOWIN_M1_it.c.o
                0x000005ac                RTC_Handler
 .text.I2C_Handler
                0x000005b6        0xa CMakeFiles/softcore_fw_example.elf.dir/src/GOWIN_M1_it.c.o
                0x000005b6                I2C_Handler
 .text.CAN_Handler
                0x000005c0        0xa CMakeFiles/softcore_fw_example.elf.dir/src/GOWIN_M1_it.c.o
                0x000005c0                CAN_Handler
 .text.ENT_Handler
                0x000005ca        0xa CMakeFiles/softcore_fw_example.elf.dir/src/GOWIN_M1_it.c.o
                0x000005ca                ENT_Handler
 .text.DTimer_Handler
                0x000005d4        0xa CMakeFiles/softcore_fw_example.elf.dir/src/GOWIN_M1_it.c.o
                0x000005d4                DTimer_Handler
 .text.TRNG_Handler
                0x000005de        0xa CMakeFiles/softcore_fw_example.elf.dir/src/GOWIN_M1_it.c.o
                0x000005de                TRNG_Handler
 .text.GPIO0_0_Handler
                0x000005e8        0xa CMakeFiles/softcore_fw_example.elf.dir/src/GOWIN_M1_it.c.o
                0x000005e8                GPIO0_0_Handler
 .text.GPIO0_1_Handler
                0x000005f2        0xa CMakeFiles/softcore_fw_example.elf.dir/src/GOWIN_M1_it.c.o
                0x000005f2                GPIO0_1_Handler
 .text.GPIO0_2_Handler
                0x000005fc        0xa CMakeFiles/softcore_fw_example.elf.dir/src/GOWIN_M1_it.c.o
                0x000005fc                GPIO0_2_Handler
 .text.GPIO0_3_Handler
                0x00000606        0xa CMakeFiles/softcore_fw_example.elf.dir/src/GOWIN_M1_it.c.o
                0x00000606                GPIO0_3_Handler
 .text.GPIO0_4_Handler
                0x00000610        0xa CMakeFiles/softcore_fw_example.elf.dir/src/GOWIN_M1_it.c.o
                0x00000610                GPIO0_4_Handler
 .text.GPIO0_5_Handler
                0x0000061a        0xa CMakeFiles/softcore_fw_example.elf.dir/src/GOWIN_M1_it.c.o
                0x0000061a                GPIO0_5_Handler
 .text.GPIO0_6_Handler
                0x00000624        0xa CMakeFiles/softcore_fw_example.elf.dir/src/GOWIN_M1_it.c.o
                0x00000624                GPIO0_6_Handler
 .text.GPIO0_7_Handler
                0x0000062e        0xa CMakeFiles/softcore_fw_example.elf.dir/src/GOWIN_M1_it.c.o
                0x0000062e                GPIO0_7_Handler
 .text.GPIO0_8_Handler
                0x00000638        0xa CMakeFiles/softcore_fw_example.elf.dir/src/GOWIN_M1_it.c.o
                0x00000638                GPIO0_8_Handler
 .text.GPIO0_9_Handler
                0x00000642        0xa CMakeFiles/softcore_fw_example.elf.dir/src/GOWIN_M1_it.c.o
                0x00000642                GPIO0_9_Handler
 .text.GPIO0_10_Handler
                0x0000064c        0xa CMakeFiles/softcore_fw_example.elf.dir/src/GOWIN_M1_it.c.o
                0x0000064c                GPIO0_10_Handler
 .text.GPIO0_11_Handler
                0x00000656        0xa CMakeFiles/softcore_fw_example.elf.dir/src/GOWIN_M1_it.c.o
                0x00000656                GPIO0_11_Handler
 .text.GPIO0_12_Handler
                0x00000660        0xa CMakeFiles/softcore_fw_example.elf.dir/src/GOWIN_M1_it.c.o
                0x00000660                GPIO0_12_Handler
 .text.GPIO0_13_Handler
                0x0000066a        0xa CMakeFiles/softcore_fw_example.elf.dir/src/GOWIN_M1_it.c.o
                0x0000066a                GPIO0_13_Handler
 .text.GPIO0_14_Handler
                0x00000674        0xa CMakeFiles/softcore_fw_example.elf.dir/src/GOWIN_M1_it.c.o
                0x00000674                GPIO0_14_Handler
 .text.GPIO0_15_Handler
                0x0000067e        0xa CMakeFiles/softcore_fw_example.elf.dir/src/GOWIN_M1_it.c.o
                0x0000067e                GPIO0_15_Handler
 .text.EXTINT_0_Handler
                0x00000688        0xa CMakeFiles/softcore_fw_example.elf.dir/src/GOWIN_M1_it.c.o
                0x00000688                EXTINT_0_Handler
 .text.EXTINT_1_Handler
                0x00000692        0xa CMakeFiles/softcore_fw_example.elf.dir/src/GOWIN_M1_it.c.o
                0x00000692                EXTINT_1_Handler
 .text.EXTINT_2_Handler
                0x0000069c        0xa CMakeFiles/softcore_fw_example.elf.dir/src/GOWIN_M1_it.c.o
                0x0000069c                EXTINT_2_Handler
 .text.EXTINT_3_Handler
                0x000006a6        0xa CMakeFiles/softcore_fw_example.elf.dir/src/GOWIN_M1_it.c.o
                0x000006a6                EXTINT_3_Handler
 .text.delay_init
                0x000006b0       0x4c CMakeFiles/softcore_fw_example.elf.dir/src/delay.c.o
                0x000006b0                delay_init
 .text.delay_ms
                0x000006fc       0x9c CMakeFiles/softcore_fw_example.elf.dir/src/delay.c.o
                0x000006fc                delay_ms
 .text.gpio_init
                0x00000798       0x2e CMakeFiles/softcore_fw_example.elf.dir/src/gpio.c.o
                0x00000798                gpio_init
 .text._exit    0x000007c6        0xc CMakeFiles/softcore_fw_example.elf.dir/src/main.c.o
                0x000007c6                _exit
 *fill*         0x000007d2        0x2 
 .text.dbg_init
                0x000007d4       0x50 CMakeFiles/softcore_fw_example.elf.dir/src/main.c.o
                0x000007d4                dbg_init
 .text.main     0x00000824       0x80 CMakeFiles/softcore_fw_example.elf.dir/src/main.c.o
                0x00000824                main
 .text          0x000008a4      0x114 /usr/lib/gcc/arm-none-eabi/14.2.1/thumb/v6-m/nofp/libgcc.a(_udivsi3.o)
                0x000008a4                __udivsi3
                0x000008a4                __aeabi_uidiv
                0x000009b0                __aeabi_uidivmod
 .text          0x000009b8        0x4 /usr/lib/gcc/arm-none-eabi/14.2.1/thumb/v6-m/nofp/libgcc.a(_dvmd_tls.o)
                0x000009b8                __aeabi_ldiv0
                0x000009b8                __aeabi_idiv0
 .text          0x000009bc      0xa78 /usr/lib/gcc/arm-none-eabi/14.2.1/thumb/v6-m/nofp/libgcc.a(unwind-arm.o)
                0x00000c7c                _Unwind_GetCFA
                0x00000c80                __gnu_Unwind_RaiseException
                0x00000cd4                __gnu_Unwind_ForcedUnwind
                0x00000ce8                __gnu_Unwind_Resume
                0x00000d2c                __gnu_Unwind_Resume_or_Rethrow
                0x00000d48                _Unwind_Complete
                0x00000d4c                _Unwind_DeleteException
                0x00000d5c                _Unwind_VRS_Get
                0x00000db8                _Unwind_VRS_Set
                0x00000e14                __gnu_Unwind_Backtrace
                0x00001164                __aeabi_unwind_cpp_pr0
                0x00001170                __aeabi_unwind_cpp_pr1
                0x0000117c                __aeabi_unwind_cpp_pr2
                0x00001188                _Unwind_VRS_Pop
 .text          0x00001434      0x144 /usr/lib/gcc/arm-none-eabi/14.2.1/thumb/v6-m/nofp/libgcc.a(libunwind.o)
                0x00001434                __restore_core_regs
                0x00001434                restore_core_regs
                0x00001460                __gnu_Unwind_Restore_VFP
                0x00001464                __gnu_Unwind_Save_VFP
                0x00001468                __gnu_Unwind_Restore_VFP_D
                0x0000146c                __gnu_Unwind_Save_VFP_D
                0x00001470                __gnu_Unwind_Restore_VFP_D_16_to_31
                0x00001474                __gnu_Unwind_Save_VFP_D_16_to_31
                0x00001478                __gnu_Unwind_Restore_WMMXD
                0x0000147c                __gnu_Unwind_Save_WMMXD
                0x00001480                __gnu_Unwind_Restore_WMMXC
                0x00001484                __gnu_Unwind_Save_WMMXC
                0x00001488                ___Unwind_RaiseException
                0x00001488                _Unwind_RaiseException
                0x000014b8                ___Unwind_Resume
                0x000014b8                _Unwind_Resume
                0x000014e8                _Unwind_Resume_or_Rethrow
                0x000014e8                ___Unwind_Resume_or_Rethrow
                0x00001518                ___Unwind_ForcedUnwind
                0x00001518                _Unwind_ForcedUnwind
                0x00001548                _Unwind_Backtrace
                0x00001548                ___Unwind_Backtrace
 .text          0x00001578      0x390 /usr/lib/gcc/arm-none-eabi/14.2.1/thumb/v6-m/nofp/libgcc.a(pr-support.o)
                0x000015cc                __gnu_unwind_execute
                0x000018c0                __gnu_unwind_frame
                0x000018e8                _Unwind_GetRegionStart
                0x000018f4                _Unwind_GetLanguageSpecificData
 .text          0x00001908       0xa8 /usr/lib/gcc/arm-none-eabi/14.2.1/../../../arm-none-eabi/lib/thumb/v6-m/nofp/libc.a(libc_a-memset.o)
                0x00001908                memset
 .text          0x000019b0       0x28 /usr/lib/gcc/arm-none-eabi/14.2.1/../../../arm-none-eabi/lib/thumb/v6-m/nofp/libc.a(libc_a-fini.o)
                0x000019b0                __libc_fini_array
 .text          0x000019d8       0x8c /usr/lib/gcc/arm-none-eabi/14.2.1/../../../arm-none-eabi/lib/thumb/v6-m/nofp/libc.a(libc_a-memcpy-stub.o)
                0x000019d8                memcpy
 .text          0x00001a64       0x20 /usr/lib/gcc/arm-none-eabi/14.2.1/../../../arm-none-eabi/lib/thumb/v6-m/nofp/libc.a(libc_a-exit.o)
                0x00001a64                exit
 .text          0x00001a84       0x10 /usr/lib/gcc/arm-none-eabi/14.2.1/../../../arm-none-eabi/lib/thumb/v6-m/nofp/libc.a(libc_a-atexit.o)
                0x00001a84                atexit
 .text          0x00001a94       0x48 /usr/lib/gcc/arm-none-eabi/14.2.1/../../../arm-none-eabi/lib/thumb/v6-m/nofp/libc.a(libc_a-init.o)
                0x00001a94                __libc_init_array
 .text          0x00001adc       0xd0 /usr/lib/gcc/arm-none-eabi/14.2.1/../../../arm-none-eabi/lib/thumb/v6-m/nofp/libc.a(libc_a-__call_atexit.o)
                0x00001adc                __call_exitprocs
 .text.startup  0x00001bac       0x18 /usr/lib/gcc/arm-none-eabi/14.2.1/../../../arm-none-eabi/lib/thumb/v6-m/nofp/libc.a(libc_a-__call_atexit.o)
 .text          0x00001bc4       0x78 /usr/lib/gcc/arm-none-eabi/14.2.1/../../../arm-none-eabi/lib/thumb/v6-m/nofp/libc.a(libc_a-__atexit.o)
                0x00001bc4                __register_exitproc
 *(.init)
 .init          0x00001c3c        0x4 /usr/lib/gcc/arm-none-eabi/14.2.1/thumb/v6-m/nofp/crti.o
                0x00001c3c                _init
 .init          0x00001c40        0x8 /usr/lib/gcc/arm-none-eabi/14.2.1/thumb/v6-m/nofp/crtn.o
 *(.fini)
 .fini          0x00001c48        0x4 /usr/lib/gcc/arm-none-eabi/14.2.1/thumb/v6-m/nofp/crti.o
                0x00001c48                _fini
 .fini          0x00001c4c        0x8 /usr/lib/gcc/arm-none-eabi/14.2.1/thumb/v6-m/nofp/crtn.o
 *crtbegin.o(.ctors)
 *crtbegin?.o(.ctors)
 *(EXCLUDE_FILE(*crtend.o *crtend?.o) .ctors)
 *(SORT_BY_NAME(.ctors.*))
 *(.ctors)
 *crtbegin.o(.dtors)
 *crtbegin?.o(.dtors)
 *(EXCLUDE_FILE(*crtend.o *crtend?.o) .dtors)
 *(SORT_BY_NAME(.dtors.*))
 *(.dtors)
 *(.rodata*)
 .rodata        0x00001c54       0x30 CMakeFiles/softcore_fw_example.elf.dir/src/main.c.o
 .rodata        0x00001c84       0x18 /usr/lib/gcc/arm-none-eabi/14.2.1/thumb/v6-m/nofp/libgcc.a(unwind-arm.o)
 .rodata        0x00001c9c       0x14 /usr/lib/gcc/arm-none-eabi/14.2.1/thumb/v6-m/nofp/libgcc.a(pr-support.o)
 *(.eh_frame*)
 .eh_frame      0x00001cb0        0x0 /usr/lib/gcc/arm-none-eabi/14.2.1/thumb/v6-m/nofp/crtbegin.o
 .eh_frame      0x00001cb0        0x4 /usr/lib/gcc/arm-none-eabi/14.2.1/thumb/v6-m/nofp/crtend.o

.glue_7         0x00001cb4        0x0
 .glue_7        0x00001cb4        0x0 linker stubs

.glue_7t        0x00001cb4        0x0
 .glue_7t       0x00001cb4        0x0 linker stubs

.vfp11_veneer   0x00001cb4        0x0
 .vfp11_veneer  0x00001cb4        0x0 linker stubs

.v4_bx          0x00001cb4        0x0
 .v4_bx         0x00001cb4        0x0 linker stubs

.iplt           0x00001cb4        0x0
 .iplt          0x00001cb4        0x0 /usr/lib/gcc/arm-none-eabi/14.2.1/thumb/v6-m/nofp/crtbegin.o

.ARM.extab      0x00001cb4       0x3c
 *(.ARM.extab* .gnu.linkonce.armextab.*)
 .ARM.extab     0x00001cb4       0x30 /usr/lib/gcc/arm-none-eabi/14.2.1/thumb/v6-m/nofp/libgcc.a(unwind-arm.o)
 .ARM.extab     0x00001ce4        0xc /usr/lib/gcc/arm-none-eabi/14.2.1/thumb/v6-m/nofp/libgcc.a(pr-support.o)
                0x00001cf0                        __exidx_start = .

.ARM.exidx      0x00001cf0       0xd8
 *(.ARM.exidx* .gnu.linkonce.armexidx.*)
 .ARM.exidx     0x00001cf0        0x8 /usr/lib/gcc/arm-none-eabi/14.2.1/../../../arm-none-eabi/lib/thumb/v6-m/nofp/crt0.o
                                 0x10 (size before relaxing)
 .ARM.exidx     0x00001cf8       0x10 CMakeFiles/softcore_fw_example.elf.dir/bsp/gowin/startup/startup_GOWIN_M1.S.o
 .ARM.exidx     0x00001d08       0x90 /usr/lib/gcc/arm-none-eabi/14.2.1/thumb/v6-m/nofp/libgcc.a(unwind-arm.o)
                                 0xd0 (size before relaxing)
 .ARM.exidx     0x00001d98       0x30 /usr/lib/gcc/arm-none-eabi/14.2.1/thumb/v6-m/nofp/libgcc.a(pr-support.o)
                                 0x38 (size before relaxing)
                0x00001dc8                        __exidx_end = .
                0x00001dc8                        __etext = ALIGN (0x4)

.rel.dyn        0x00001dc8        0x0
 .rel.iplt      0x00001dc8        0x0 /usr/lib/gcc/arm-none-eabi/14.2.1/thumb/v6-m/nofp/crtbegin.o

.data           0x20000000       0x10 load address 0x00001dc8
                0x20000000                        __data_start__ = .
 *(vtable)
 *(.data*)
 .data.SystemCoreClock
                0x20000000        0x4 CMakeFiles/softcore_fw_example.elf.dir/bsp/gowin/system/system_GOWIN_M1.c.o
                0x20000000                SystemCoreClock
                0x20000004                        . = ALIGN (0x4)
                0x20000004                        PROVIDE (__preinit_array_start = .)
 *(.preinit_array)
                0x20000004                        PROVIDE (__preinit_array_end = .)
                0x20000004                        . = ALIGN (0x4)
                0x20000004                        PROVIDE (__init_array_start = .)
 *(SORT_BY_NAME(.init_array.*))
 .init_array.00000
                0x20000004        0x4 /usr/lib/gcc/arm-none-eabi/14.2.1/../../../arm-none-eabi/lib/thumb/v6-m/nofp/libc.a(libc_a-__call_atexit.o)
 *(.init_array)
 .init_array    0x20000008        0x4 /usr/lib/gcc/arm-none-eabi/14.2.1/thumb/v6-m/nofp/crtbegin.o
                0x2000000c                        PROVIDE (__init_array_end = .)
                0x2000000c                        . = ALIGN (0x4)
                0x2000000c                        PROVIDE (__fini_array_start = .)
 *(SORT_BY_NAME(.fini_array.*))
 *(.fini_array)
 .fini_array    0x2000000c        0x4 /usr/lib/gcc/arm-none-eabi/14.2.1/thumb/v6-m/nofp/crtbegin.o
                0x20000010                        PROVIDE (__fini_array_end = .)
 *(.jcr*)
                0x20000010                        . = ALIGN (0x4)
                0x20000010                        __data_end__ = .

.tm_clone_table
                0x20000010        0x0 load address 0x00001dd8
 .tm_clone_table
                0x20000010        0x0 /usr/lib/gcc/arm-none-eabi/14.2.1/thumb/v6-m/nofp/crtbegin.o
 .tm_clone_table
                0x20000010        0x0 /usr/lib/gcc/arm-none-eabi/14.2.1/thumb/v6-m/nofp/crtend.o

.igot.plt       0x20000010        0x0 load address 0x00001dd8
 .igot.plt      0x20000010        0x0 /usr/lib/gcc/arm-none-eabi/14.2.1/thumb/v6-m/nofp/crtbegin.o

.bss            0x20000010      0x2f4 load address 0x00001dd8
                0x20000010                        . = ALIGN (0x4)
                0x20000010                        __bss_start__ = .
 *(.bss*)
 .bss           0x20000010       0x1c /usr/lib/gcc/arm-none-eabi/14.2.1/thumb/v6-m/nofp/crtbegin.o
 .bss.fac_us    0x2000002c        0x4 CMakeFiles/softcore_fw_example.elf.dir/src/delay.c.o
 .bss.fac_ms    0x20000030        0x4 CMakeFiles/softcore_fw_example.elf.dir/src/delay.c.o
 .bss           0x20000034      0x13c /usr/lib/gcc/arm-none-eabi/14.2.1/../../../arm-none-eabi/lib/thumb/v6-m/nofp/libc.a(libc_a-findfp.o)
                0x20000034                __stdio_exit_handler
                0x20000038                __sf
 .bss           0x20000170        0x4 /usr/lib/gcc/arm-none-eabi/14.2.1/../../../arm-none-eabi/lib/thumb/v6-m/nofp/libc.a(libc_a-__call_atexit.o)
                0x20000170                __atexit
 .bss           0x20000174      0x190 /usr/lib/gcc/arm-none-eabi/14.2.1/../../../arm-none-eabi/lib/thumb/v6-m/nofp/libc.a(libc_a-__atexit.o)
                0x20000174                __atexit0
 *(COMMON)
                0x20000304                        . = ALIGN (0x4)
                0x20000304                        __bss_end__ = .

.heap           0x20000308      0x400
                0x20000308                        __end__ = .
                [!provide]                        PROVIDE (end = .)
 *(.heap*)
 .heap          0x20000308      0x400 CMakeFiles/softcore_fw_example.elf.dir/bsp/gowin/startup/startup_GOWIN_M1.S.o
                0x20000308                __HeapBase
                0x20000708                        __HeapLimit = .

.stack_dummy    0x20000308      0x400
 *(.stack*)
 .stack         0x20000308      0x400 CMakeFiles/softcore_fw_example.elf.dir/bsp/gowin/startup/startup_GOWIN_M1.S.o
                0x20004000                        __StackTop = (ORIGIN (RAM) + LENGTH (RAM))
                0x20003c00                        __StackLimit = (__StackTop - SIZEOF (.stack_dummy))
                0x20004000                        PROVIDE (__stack = __StackTop)
                0x00000001                        ASSERT ((__StackLimit >= __HeapLimit), region RAM overflowed with stack)
OUTPUT(bin/softcore_fw_example.elf elf32-littlearm)
LOAD linker stubs

.ARM.attributes
                0x00000000       0x28
 .ARM.attributes
                0x00000000       0x1e /usr/lib/gcc/arm-none-eabi/14.2.1/thumb/v6-m/nofp/crti.o
 .ARM.attributes
                0x0000001e       0x2c /usr/lib/gcc/arm-none-eabi/14.2.1/thumb/v6-m/nofp/crtbegin.o
 .ARM.attributes
                0x0000004a       0x1b /usr/lib/gcc/arm-none-eabi/14.2.1/../../../arm-none-eabi/lib/thumb/v6-m/nofp/crt0.o
 .ARM.attributes
                0x00000065       0x1b CMakeFiles/softcore_fw_example.elf.dir/bsp/gowin/startup/startup_GOWIN_M1.S.o
 .ARM.attributes
                0x00000080       0x2c CMakeFiles/softcore_fw_example.elf.dir/bsp/gowin/system/system_GOWIN_M1.c.o
 .ARM.attributes
                0x000000ac       0x2c CMakeFiles/softcore_fw_example.elf.dir/drivers/src/GOWIN_M1_gpio.c.o
 .ARM.attributes
                0x000000d8       0x2c CMakeFiles/softcore_fw_example.elf.dir/drivers/src/GOWIN_M1_misc.c.o
 .ARM.attributes
                0x00000104       0x2c CMakeFiles/softcore_fw_example.elf.dir/drivers/src/GOWIN_M1_uart.c.o
 .ARM.attributes
                0x00000130       0x2c CMakeFiles/softcore_fw_example.elf.dir/src/GOWIN_M1_it.c.o
 .ARM.attributes
                0x0000015c       0x2c CMakeFiles/softcore_fw_example.elf.dir/src/delay.c.o
 .ARM.attributes
                0x00000188       0x2c CMakeFiles/softcore_fw_example.elf.dir/src/gpio.c.o
 .ARM.attributes
                0x000001b4       0x2c CMakeFiles/softcore_fw_example.elf.dir/src/main.c.o
 .ARM.attributes
                0x000001e0       0x1e /usr/lib/gcc/arm-none-eabi/14.2.1/thumb/v6-m/nofp/libgcc.a(_udivsi3.o)
 .ARM.attributes
                0x000001fe       0x1e /usr/lib/gcc/arm-none-eabi/14.2.1/thumb/v6-m/nofp/libgcc.a(_dvmd_tls.o)
 .ARM.attributes
                0x0000021c       0x2c /usr/lib/gcc/arm-none-eabi/14.2.1/thumb/v6-m/nofp/libgcc.a(unwind-arm.o)
 .ARM.attributes
                0x00000248       0x1e /usr/lib/gcc/arm-none-eabi/14.2.1/thumb/v6-m/nofp/libgcc.a(libunwind.o)
 .ARM.attributes
                0x00000266       0x2c /usr/lib/gcc/arm-none-eabi/14.2.1/thumb/v6-m/nofp/libgcc.a(pr-support.o)
 .ARM.attributes
                0x00000292       0x2c /usr/lib/gcc/arm-none-eabi/14.2.1/../../../arm-none-eabi/lib/thumb/v6-m/nofp/libc.a(libc_a-memset.o)
 .ARM.attributes
                0x000002be       0x2c /usr/lib/gcc/arm-none-eabi/14.2.1/../../../arm-none-eabi/lib/thumb/v6-m/nofp/libc.a(libc_a-fini.o)
 .ARM.attributes
                0x000002ea       0x2c /usr/lib/gcc/arm-none-eabi/14.2.1/../../../arm-none-eabi/lib/thumb/v6-m/nofp/libc.a(libc_a-memcpy-stub.o)
 .ARM.attributes
                0x00000316       0x2c /usr/lib/gcc/arm-none-eabi/14.2.1/../../../arm-none-eabi/lib/thumb/v6-m/nofp/libc.a(libc_a-exit.o)
 .ARM.attributes
                0x00000342       0x2c /usr/lib/gcc/arm-none-eabi/14.2.1/../../../arm-none-eabi/lib/thumb/v6-m/nofp/libc.a(libc_a-atexit.o)
 .ARM.attributes
                0x0000036e       0x2c /usr/lib/gcc/arm-none-eabi/14.2.1/../../../arm-none-eabi/lib/thumb/v6-m/nofp/libc.a(libc_a-init.o)
 .ARM.attributes
                0x0000039a       0x2c /usr/lib/gcc/arm-none-eabi/14.2.1/../../../arm-none-eabi/lib/thumb/v6-m/nofp/libc.a(libc_a-findfp.o)
 .ARM.attributes
                0x000003c6       0x2c /usr/lib/gcc/arm-none-eabi/14.2.1/../../../arm-none-eabi/lib/thumb/v6-m/nofp/libc.a(libc_a-__call_atexit.o)
 .ARM.attributes
                0x000003f2       0x2c /usr/lib/gcc/arm-none-eabi/14.2.1/../../../arm-none-eabi/lib/thumb/v6-m/nofp/libc.a(libc_a-__atexit.o)
 .ARM.attributes
                0x0000041e       0x2c /usr/lib/gcc/arm-none-eabi/14.2.1/thumb/v6-m/nofp/crtend.o
 .ARM.attributes
                0x0000044a       0x1e /usr/lib/gcc/arm-none-eabi/14.2.1/thumb/v6-m/nofp/crtn.o

.comment        0x00000000       0x4c
 .comment       0x00000000       0x4c /usr/lib/gcc/arm-none-eabi/14.2.1/thumb/v6-m/nofp/crtbegin.o
                                 0x27 (size before relaxing)
 .comment       0x0000004c        0x0 CMakeFiles/softcore_fw_example.elf.dir/bsp/gowin/system/system_GOWIN_M1.c.o
                                 0x27 (size before relaxing)
 .comment       0x0000004c        0x0 CMakeFiles/softcore_fw_example.elf.dir/drivers/src/GOWIN_M1_gpio.c.o
                                 0x27 (size before relaxing)
 .comment       0x0000004c        0x0 CMakeFiles/softcore_fw_example.elf.dir/drivers/src/GOWIN_M1_misc.c.o
                                 0x27 (size before relaxing)
 .comment       0x0000004c        0x0 CMakeFiles/softcore_fw_example.elf.dir/drivers/src/GOWIN_M1_uart.c.o
                                 0x27 (size before relaxing)
 .comment       0x0000004c        0x0 CMakeFiles/softcore_fw_example.elf.dir/src/GOWIN_M1_it.c.o
                                 0x27 (size before relaxing)
 .comment       0x0000004c        0x0 CMakeFiles/softcore_fw_example.elf.dir/src/delay.c.o
                                 0x27 (size before relaxing)
 .comment       0x0000004c        0x0 CMakeFiles/softcore_fw_example.elf.dir/src/gpio.c.o
                                 0x27 (size before relaxing)
 .comment       0x0000004c        0x0 CMakeFiles/softcore_fw_example.elf.dir/src/main.c.o
                                 0x27 (size before relaxing)
 .comment       0x0000004c        0x0 /usr/lib/gcc/arm-none-eabi/14.2.1/thumb/v6-m/nofp/libgcc.a(unwind-arm.o)
                                 0x27 (size before relaxing)
 .comment       0x0000004c        0x0 /usr/lib/gcc/arm-none-eabi/14.2.1/thumb/v6-m/nofp/libgcc.a(pr-support.o)
                                 0x27 (size before relaxing)
 .comment       0x0000004c        0x0 /usr/lib/gcc/arm-none-eabi/14.2.1/../../../arm-none-eabi/lib/thumb/v6-m/nofp/libc.a(libc_a-memset.o)
                                 0x27 (size before relaxing)
 .comment       0x0000004c        0x0 /usr/lib/gcc/arm-none-eabi/14.2.1/../../../arm-none-eabi/lib/thumb/v6-m/nofp/libc.a(libc_a-fini.o)
                                 0x27 (size before relaxing)
 .comment       0x0000004c        0x0 /usr/lib/gcc/arm-none-eabi/14.2.1/../../../arm-none-eabi/lib/thumb/v6-m/nofp/libc.a(libc_a-memcpy-stub.o)
                                 0x27 (size before relaxing)
 .comment       0x0000004c        0x0 /usr/lib/gcc/arm-none-eabi/14.2.1/../../../arm-none-eabi/lib/thumb/v6-m/nofp/libc.a(libc_a-exit.o)
                                 0x27 (size before relaxing)
 .comment       0x0000004c        0x0 /usr/lib/gcc/arm-none-eabi/14.2.1/../../../arm-none-eabi/lib/thumb/v6-m/nofp/libc.a(libc_a-atexit.o)
                                 0x27 (size before relaxing)
 .comment       0x0000004c        0x0 /usr/lib/gcc/arm-none-eabi/14.2.1/../../../arm-none-eabi/lib/thumb/v6-m/nofp/libc.a(libc_a-init.o)
                                 0x27 (size before relaxing)
 .comment       0x0000004c        0x0 /usr/lib/gcc/arm-none-eabi/14.2.1/../../../arm-none-eabi/lib/thumb/v6-m/nofp/libc.a(libc_a-findfp.o)
                                 0x27 (size before relaxing)
 .comment       0x0000004c        0x0 /usr/lib/gcc/arm-none-eabi/14.2.1/../../../arm-none-eabi/lib/thumb/v6-m/nofp/libc.a(libc_a-__call_atexit.o)
                                 0x27 (size before relaxing)
 .comment       0x0000004c        0x0 /usr/lib/gcc/arm-none-eabi/14.2.1/../../../arm-none-eabi/lib/thumb/v6-m/nofp/libc.a(libc_a-__atexit.o)
                                 0x27 (size before relaxing)
 .comment       0x0000004c        0x0 /usr/lib/gcc/arm-none-eabi/14.2.1/thumb/v6-m/nofp/crtend.o
                                 0x27 (size before relaxing)

.debug_line     0x00000000     0x5b91
 .debug_line    0x00000000       0x7a /usr/lib/gcc/arm-none-eabi/14.2.1/../../../arm-none-eabi/lib/thumb/v6-m/nofp/crt0.o
 .debug_line    0x0000007a       0x60 CMakeFiles/softcore_fw_example.elf.dir/bsp/gowin/startup/startup_GOWIN_M1.S.o
 .debug_line    0x000000da      0x489 CMakeFiles/softcore_fw_example.elf.dir/bsp/gowin/system/system_GOWIN_M1.c.o
 .debug_line    0x00000563      0x6d8 CMakeFiles/softcore_fw_example.elf.dir/drivers/src/GOWIN_M1_gpio.c.o
 .debug_line    0x00000c3b      0x6f0 CMakeFiles/softcore_fw_example.elf.dir/drivers/src/GOWIN_M1_misc.c.o
 .debug_line    0x0000132b      0x779 CMakeFiles/softcore_fw_example.elf.dir/drivers/src/GOWIN_M1_uart.c.o
 .debug_line    0x00001aa4      0x713 CMakeFiles/softcore_fw_example.elf.dir/src/GOWIN_M1_it.c.o
 .debug_line    0x000021b7      0x585 CMakeFiles/softcore_fw_example.elf.dir/src/delay.c.o
 .debug_line    0x0000273c      0x479 CMakeFiles/softcore_fw_example.elf.dir/src/gpio.c.o
 .debug_line    0x00002bb5      0x707 CMakeFiles/softcore_fw_example.elf.dir/src/main.c.o
 .debug_line    0x000032bc       0x56 /usr/lib/gcc/arm-none-eabi/14.2.1/thumb/v6-m/nofp/libgcc.a(_udivsi3.o)
 .debug_line    0x00003312       0x4a /usr/lib/gcc/arm-none-eabi/14.2.1/thumb/v6-m/nofp/libgcc.a(_dvmd_tls.o)
 .debug_line    0x0000335c     0x115d /usr/lib/gcc/arm-none-eabi/14.2.1/thumb/v6-m/nofp/libgcc.a(unwind-arm.o)
 .debug_line    0x000044b9       0x74 /usr/lib/gcc/arm-none-eabi/14.2.1/thumb/v6-m/nofp/libgcc.a(libunwind.o)
 .debug_line    0x0000452d      0x558 /usr/lib/gcc/arm-none-eabi/14.2.1/thumb/v6-m/nofp/libgcc.a(pr-support.o)
 .debug_line    0x00004a85      0x1c1 /usr/lib/gcc/arm-none-eabi/14.2.1/../../../arm-none-eabi/lib/thumb/v6-m/nofp/libc.a(libc_a-memset.o)
 .debug_line    0x00004c46       0xd1 /usr/lib/gcc/arm-none-eabi/14.2.1/../../../arm-none-eabi/lib/thumb/v6-m/nofp/libc.a(libc_a-fini.o)
 .debug_line    0x00004d17      0x1eb /usr/lib/gcc/arm-none-eabi/14.2.1/../../../arm-none-eabi/lib/thumb/v6-m/nofp/libc.a(libc_a-memcpy-stub.o)
 .debug_line    0x00004f02      0x141 /usr/lib/gcc/arm-none-eabi/14.2.1/../../../arm-none-eabi/lib/thumb/v6-m/nofp/libc.a(libc_a-exit.o)
 .debug_line    0x00005043       0xca /usr/lib/gcc/arm-none-eabi/14.2.1/../../../arm-none-eabi/lib/thumb/v6-m/nofp/libc.a(libc_a-atexit.o)
 .debug_line    0x0000510d      0x105 /usr/lib/gcc/arm-none-eabi/14.2.1/../../../arm-none-eabi/lib/thumb/v6-m/nofp/libc.a(libc_a-init.o)
 .debug_line    0x00005212      0x592 /usr/lib/gcc/arm-none-eabi/14.2.1/../../../arm-none-eabi/lib/thumb/v6-m/nofp/libc.a(libc_a-findfp.o)
 .debug_line    0x000057a4      0x286 /usr/lib/gcc/arm-none-eabi/14.2.1/../../../arm-none-eabi/lib/thumb/v6-m/nofp/libc.a(libc_a-__call_atexit.o)
 .debug_line    0x00005a2a      0x167 /usr/lib/gcc/arm-none-eabi/14.2.1/../../../arm-none-eabi/lib/thumb/v6-m/nofp/libc.a(libc_a-__atexit.o)

.debug_line_str
                0x00000000      0x1a5
 .debug_line_str
                0x00000000      0x1a5 /usr/lib/gcc/arm-none-eabi/14.2.1/../../../arm-none-eabi/lib/thumb/v6-m/nofp/crt0.o
                                 0x82 (size before relaxing)
 .debug_line_str
                0x000001a5        0x0 CMakeFiles/softcore_fw_example.elf.dir/bsp/gowin/startup/startup_GOWIN_M1.S.o
                                 0x87 (size before relaxing)
 .debug_line_str
                0x000001a5        0x0 /usr/lib/gcc/arm-none-eabi/14.2.1/thumb/v6-m/nofp/libgcc.a(_udivsi3.o)
                                 0x90 (size before relaxing)
 .debug_line_str
                0x000001a5        0x0 /usr/lib/gcc/arm-none-eabi/14.2.1/thumb/v6-m/nofp/libgcc.a(_dvmd_tls.o)
                                 0x90 (size before relaxing)
 .debug_line_str
                0x000001a5        0x0 /usr/lib/gcc/arm-none-eabi/14.2.1/thumb/v6-m/nofp/libgcc.a(libunwind.o)
                                 0x90 (size before relaxing)

.debug_info     0x00000000     0x6a30
 .debug_info    0x00000000       0x24 /usr/lib/gcc/arm-none-eabi/14.2.1/../../../arm-none-eabi/lib/thumb/v6-m/nofp/crt0.o
 .debug_info    0x00000024      0x221 CMakeFiles/softcore_fw_example.elf.dir/bsp/gowin/startup/startup_GOWIN_M1.S.o
 .debug_info    0x00000245       0xb9 CMakeFiles/softcore_fw_example.elf.dir/bsp/gowin/system/system_GOWIN_M1.c.o
 .debug_info    0x000002fe      0x5bd CMakeFiles/softcore_fw_example.elf.dir/drivers/src/GOWIN_M1_gpio.c.o
 .debug_info    0x000008bb      0x645 CMakeFiles/softcore_fw_example.elf.dir/drivers/src/GOWIN_M1_misc.c.o
 .debug_info    0x00000f00      0x5e5 CMakeFiles/softcore_fw_example.elf.dir/drivers/src/GOWIN_M1_uart.c.o
 .debug_info    0x000014e5      0x2cc CMakeFiles/softcore_fw_example.elf.dir/src/GOWIN_M1_it.c.o
 .debug_info    0x000017b1      0x1ce CMakeFiles/softcore_fw_example.elf.dir/src/delay.c.o
 .debug_info    0x0000197f      0x2b1 CMakeFiles/softcore_fw_example.elf.dir/src/gpio.c.o
 .debug_info    0x00001c30      0x93e CMakeFiles/softcore_fw_example.elf.dir/src/main.c.o
 .debug_info    0x0000256e       0x3e /usr/lib/gcc/arm-none-eabi/14.2.1/thumb/v6-m/nofp/libgcc.a(_udivsi3.o)
 .debug_info    0x000025ac       0x3c /usr/lib/gcc/arm-none-eabi/14.2.1/thumb/v6-m/nofp/libgcc.a(_dvmd_tls.o)
 .debug_info    0x000025e8     0x1fa4 /usr/lib/gcc/arm-none-eabi/14.2.1/thumb/v6-m/nofp/libgcc.a(unwind-arm.o)
 .debug_info    0x0000458c       0xb7 /usr/lib/gcc/arm-none-eabi/14.2.1/thumb/v6-m/nofp/libgcc.a(libunwind.o)
 .debug_info    0x00004643      0x9f5 /usr/lib/gcc/arm-none-eabi/14.2.1/thumb/v6-m/nofp/libgcc.a(pr-support.o)
 .debug_info    0x00005038      0x135 /usr/lib/gcc/arm-none-eabi/14.2.1/../../../arm-none-eabi/lib/thumb/v6-m/nofp/libc.a(libc_a-memset.o)
 .debug_info    0x0000516d       0xf7 /usr/lib/gcc/arm-none-eabi/14.2.1/../../../arm-none-eabi/lib/thumb/v6-m/nofp/libc.a(libc_a-fini.o)
 .debug_info    0x00005264      0x152 /usr/lib/gcc/arm-none-eabi/14.2.1/../../../arm-none-eabi/lib/thumb/v6-m/nofp/libc.a(libc_a-memcpy-stub.o)
 .debug_info    0x000053b6      0x10a /usr/lib/gcc/arm-none-eabi/14.2.1/../../../arm-none-eabi/lib/thumb/v6-m/nofp/libc.a(libc_a-exit.o)
 .debug_info    0x000054c0      0x11e /usr/lib/gcc/arm-none-eabi/14.2.1/../../../arm-none-eabi/lib/thumb/v6-m/nofp/libc.a(libc_a-atexit.o)
 .debug_info    0x000055de      0x10b /usr/lib/gcc/arm-none-eabi/14.2.1/../../../arm-none-eabi/lib/thumb/v6-m/nofp/libc.a(libc_a-init.o)
 .debug_info    0x000056e9      0xec6 /usr/lib/gcc/arm-none-eabi/14.2.1/../../../arm-none-eabi/lib/thumb/v6-m/nofp/libc.a(libc_a-findfp.o)
 .debug_info    0x000065af      0x284 /usr/lib/gcc/arm-none-eabi/14.2.1/../../../arm-none-eabi/lib/thumb/v6-m/nofp/libc.a(libc_a-__call_atexit.o)
 .debug_info    0x00006833      0x1fd /usr/lib/gcc/arm-none-eabi/14.2.1/../../../arm-none-eabi/lib/thumb/v6-m/nofp/libc.a(libc_a-__atexit.o)

.debug_abbrev   0x00000000     0x1fb6
 .debug_abbrev  0x00000000       0x14 /usr/lib/gcc/arm-none-eabi/14.2.1/../../../arm-none-eabi/lib/thumb/v6-m/nofp/crt0.o
 .debug_abbrev  0x00000014       0x28 CMakeFiles/softcore_fw_example.elf.dir/bsp/gowin/startup/startup_GOWIN_M1.S.o
 .debug_abbrev  0x0000003c       0x69 CMakeFiles/softcore_fw_example.elf.dir/bsp/gowin/system/system_GOWIN_M1.c.o
 .debug_abbrev  0x000000a5      0x1b0 CMakeFiles/softcore_fw_example.elf.dir/drivers/src/GOWIN_M1_gpio.c.o
 .debug_abbrev  0x00000255      0x24d CMakeFiles/softcore_fw_example.elf.dir/drivers/src/GOWIN_M1_misc.c.o
 .debug_abbrev  0x000004a2      0x1e2 CMakeFiles/softcore_fw_example.elf.dir/drivers/src/GOWIN_M1_uart.c.o
 .debug_abbrev  0x00000684       0x62 CMakeFiles/softcore_fw_example.elf.dir/src/GOWIN_M1_it.c.o
 .debug_abbrev  0x000006e6      0x131 CMakeFiles/softcore_fw_example.elf.dir/src/delay.c.o
 .debug_abbrev  0x00000817      0x139 CMakeFiles/softcore_fw_example.elf.dir/src/gpio.c.o
 .debug_abbrev  0x00000950      0x297 CMakeFiles/softcore_fw_example.elf.dir/src/main.c.o
 .debug_abbrev  0x00000be7       0x28 /usr/lib/gcc/arm-none-eabi/14.2.1/thumb/v6-m/nofp/libgcc.a(_udivsi3.o)
 .debug_abbrev  0x00000c0f       0x26 /usr/lib/gcc/arm-none-eabi/14.2.1/thumb/v6-m/nofp/libgcc.a(_dvmd_tls.o)
 .debug_abbrev  0x00000c35      0x465 /usr/lib/gcc/arm-none-eabi/14.2.1/thumb/v6-m/nofp/libgcc.a(unwind-arm.o)
 .debug_abbrev  0x0000109a       0x28 /usr/lib/gcc/arm-none-eabi/14.2.1/thumb/v6-m/nofp/libgcc.a(libunwind.o)
 .debug_abbrev  0x000010c2      0x2ed /usr/lib/gcc/arm-none-eabi/14.2.1/thumb/v6-m/nofp/libgcc.a(pr-support.o)
 .debug_abbrev  0x000013af       0xb7 /usr/lib/gcc/arm-none-eabi/14.2.1/../../../arm-none-eabi/lib/thumb/v6-m/nofp/libc.a(libc_a-memset.o)
 .debug_abbrev  0x00001466       0xc9 /usr/lib/gcc/arm-none-eabi/14.2.1/../../../arm-none-eabi/lib/thumb/v6-m/nofp/libc.a(libc_a-fini.o)
 .debug_abbrev  0x0000152f       0xca /usr/lib/gcc/arm-none-eabi/14.2.1/../../../arm-none-eabi/lib/thumb/v6-m/nofp/libc.a(libc_a-memcpy-stub.o)
 .debug_abbrev  0x000015f9       0xd5 /usr/lib/gcc/arm-none-eabi/14.2.1/../../../arm-none-eabi/lib/thumb/v6-m/nofp/libc.a(libc_a-exit.o)
 .debug_abbrev  0x000016ce       0xbe /usr/lib/gcc/arm-none-eabi/14.2.1/../../../arm-none-eabi/lib/thumb/v6-m/nofp/libc.a(libc_a-atexit.o)
 .debug_abbrev  0x0000178c       0xc9 /usr/lib/gcc/arm-none-eabi/14.2.1/../../../arm-none-eabi/lib/thumb/v6-m/nofp/libc.a(libc_a-init.o)
 .debug_abbrev  0x00001855      0x430 /usr/lib/gcc/arm-none-eabi/14.2.1/../../../arm-none-eabi/lib/thumb/v6-m/nofp/libc.a(libc_a-findfp.o)
 .debug_abbrev  0x00001c85      0x1da /usr/lib/gcc/arm-none-eabi/14.2.1/../../../arm-none-eabi/lib/thumb/v6-m/nofp/libc.a(libc_a-__call_atexit.o)
 .debug_abbrev  0x00001e5f      0x157 /usr/lib/gcc/arm-none-eabi/14.2.1/../../../arm-none-eabi/lib/thumb/v6-m/nofp/libc.a(libc_a-__atexit.o)

.debug_aranges  0x00000000      0x618
 .debug_aranges
                0x00000000       0x20 /usr/lib/gcc/arm-none-eabi/14.2.1/../../../arm-none-eabi/lib/thumb/v6-m/nofp/crt0.o
 .debug_aranges
                0x00000020       0x20 CMakeFiles/softcore_fw_example.elf.dir/bsp/gowin/startup/startup_GOWIN_M1.S.o
 .debug_aranges
                0x00000040       0x28 CMakeFiles/softcore_fw_example.elf.dir/bsp/gowin/system/system_GOWIN_M1.c.o
 .debug_aranges
                0x00000068       0x98 CMakeFiles/softcore_fw_example.elf.dir/drivers/src/GOWIN_M1_gpio.c.o
 .debug_aranges
                0x00000100       0x70 CMakeFiles/softcore_fw_example.elf.dir/drivers/src/GOWIN_M1_misc.c.o
 .debug_aranges
                0x00000170       0xc0 CMakeFiles/softcore_fw_example.elf.dir/drivers/src/GOWIN_M1_uart.c.o
 .debug_aranges
                0x00000230      0x138 CMakeFiles/softcore_fw_example.elf.dir/src/GOWIN_M1_it.c.o
 .debug_aranges
                0x00000368       0x38 CMakeFiles/softcore_fw_example.elf.dir/src/delay.c.o
 .debug_aranges
                0x000003a0       0x20 CMakeFiles/softcore_fw_example.elf.dir/src/gpio.c.o
 .debug_aranges
                0x000003c0       0x80 CMakeFiles/softcore_fw_example.elf.dir/src/main.c.o
 .debug_aranges
                0x00000440       0x20 /usr/lib/gcc/arm-none-eabi/14.2.1/thumb/v6-m/nofp/libgcc.a(_udivsi3.o)
 .debug_aranges
                0x00000460       0x20 /usr/lib/gcc/arm-none-eabi/14.2.1/thumb/v6-m/nofp/libgcc.a(_dvmd_tls.o)
 .debug_aranges
                0x00000480       0x20 /usr/lib/gcc/arm-none-eabi/14.2.1/thumb/v6-m/nofp/libgcc.a(unwind-arm.o)
 .debug_aranges
                0x000004a0       0x20 /usr/lib/gcc/arm-none-eabi/14.2.1/thumb/v6-m/nofp/libgcc.a(libunwind.o)
 .debug_aranges
                0x000004c0       0x30 /usr/lib/gcc/arm-none-eabi/14.2.1/thumb/v6-m/nofp/libgcc.a(pr-support.o)
 .debug_aranges
                0x000004f0       0x20 /usr/lib/gcc/arm-none-eabi/14.2.1/../../../arm-none-eabi/lib/thumb/v6-m/nofp/libc.a(libc_a-memset.o)
 .debug_aranges
                0x00000510       0x20 /usr/lib/gcc/arm-none-eabi/14.2.1/../../../arm-none-eabi/lib/thumb/v6-m/nofp/libc.a(libc_a-fini.o)
 .debug_aranges
                0x00000530       0x20 /usr/lib/gcc/arm-none-eabi/14.2.1/../../../arm-none-eabi/lib/thumb/v6-m/nofp/libc.a(libc_a-memcpy-stub.o)
 .debug_aranges
                0x00000550       0x20 /usr/lib/gcc/arm-none-eabi/14.2.1/../../../arm-none-eabi/lib/thumb/v6-m/nofp/libc.a(libc_a-exit.o)
 .debug_aranges
                0x00000570       0x20 /usr/lib/gcc/arm-none-eabi/14.2.1/../../../arm-none-eabi/lib/thumb/v6-m/nofp/libc.a(libc_a-atexit.o)
 .debug_aranges
                0x00000590       0x20 /usr/lib/gcc/arm-none-eabi/14.2.1/../../../arm-none-eabi/lib/thumb/v6-m/nofp/libc.a(libc_a-init.o)
 .debug_aranges
                0x000005b0       0x20 /usr/lib/gcc/arm-none-eabi/14.2.1/../../../arm-none-eabi/lib/thumb/v6-m/nofp/libc.a(libc_a-findfp.o)
 .debug_aranges
                0x000005d0       0x28 /usr/lib/gcc/arm-none-eabi/14.2.1/../../../arm-none-eabi/lib/thumb/v6-m/nofp/libc.a(libc_a-__call_atexit.o)
 .debug_aranges
                0x000005f8       0x20 /usr/lib/gcc/arm-none-eabi/14.2.1/../../../arm-none-eabi/lib/thumb/v6-m/nofp/libc.a(libc_a-__atexit.o)

.debug_str      0x00000000     0xf9df
 .debug_str     0x00000000     0xf9df /usr/lib/gcc/arm-none-eabi/14.2.1/../../../arm-none-eabi/lib/thumb/v6-m/nofp/crt0.o
                                 0x91 (size before relaxing)
 .debug_str     0x0000f9df        0x0 CMakeFiles/softcore_fw_example.elf.dir/bsp/gowin/startup/startup_GOWIN_M1.S.o
                                0x2eb (size before relaxing)
 .debug_str     0x0000f9df        0x0 CMakeFiles/softcore_fw_example.elf.dir/bsp/gowin/system/system_GOWIN_M1.c.o
                               0xc075 (size before relaxing)
 .debug_str     0x0000f9df        0x0 CMakeFiles/softcore_fw_example.elf.dir/drivers/src/GOWIN_M1_gpio.c.o
                               0xc2ce (size before relaxing)
 .debug_str     0x0000f9df        0x0 CMakeFiles/softcore_fw_example.elf.dir/drivers/src/GOWIN_M1_misc.c.o
                               0xc51c (size before relaxing)
 .debug_str     0x0000f9df        0x0 CMakeFiles/softcore_fw_example.elf.dir/drivers/src/GOWIN_M1_uart.c.o
                               0xc355 (size before relaxing)
 .debug_str     0x0000f9df        0x0 CMakeFiles/softcore_fw_example.elf.dir/src/GOWIN_M1_it.c.o
                               0xc23d (size before relaxing)
 .debug_str     0x0000f9df        0x0 CMakeFiles/softcore_fw_example.elf.dir/src/delay.c.o
                               0xc0b5 (size before relaxing)
 .debug_str     0x0000f9df        0x0 CMakeFiles/softcore_fw_example.elf.dir/src/gpio.c.o
                               0xc1cb (size before relaxing)
 .debug_str     0x0000f9df        0x0 CMakeFiles/softcore_fw_example.elf.dir/src/main.c.o
                               0xd8d2 (size before relaxing)
 .debug_str     0x0000f9df        0x0 /usr/lib/gcc/arm-none-eabi/14.2.1/thumb/v6-m/nofp/libgcc.a(_udivsi3.o)
                                 0xba (size before relaxing)
 .debug_str     0x0000f9df        0x0 /usr/lib/gcc/arm-none-eabi/14.2.1/thumb/v6-m/nofp/libgcc.a(_dvmd_tls.o)
                                 0xbb (size before relaxing)
 .debug_str     0x0000f9df        0x0 /usr/lib/gcc/arm-none-eabi/14.2.1/thumb/v6-m/nofp/libgcc.a(unwind-arm.o)
                                0xc57 (size before relaxing)
 .debug_str     0x0000f9df        0x0 /usr/lib/gcc/arm-none-eabi/14.2.1/thumb/v6-m/nofp/libgcc.a(libunwind.o)
                                0x19d (size before relaxing)
 .debug_str     0x0000f9df        0x0 /usr/lib/gcc/arm-none-eabi/14.2.1/thumb/v6-m/nofp/libgcc.a(pr-support.o)
                                0x59d (size before relaxing)
 .debug_str     0x0000f9df        0x0 /usr/lib/gcc/arm-none-eabi/14.2.1/../../../arm-none-eabi/lib/thumb/v6-m/nofp/libc.a(libc_a-memset.o)
                                0x1a5 (size before relaxing)
 .debug_str     0x0000f9df        0x0 /usr/lib/gcc/arm-none-eabi/14.2.1/../../../arm-none-eabi/lib/thumb/v6-m/nofp/libc.a(libc_a-fini.o)
                                0x1c8 (size before relaxing)
 .debug_str     0x0000f9df        0x0 /usr/lib/gcc/arm-none-eabi/14.2.1/../../../arm-none-eabi/lib/thumb/v6-m/nofp/libc.a(libc_a-memcpy-stub.o)
                                0x1c2 (size before relaxing)
 .debug_str     0x0000f9df        0x0 /usr/lib/gcc/arm-none-eabi/14.2.1/../../../arm-none-eabi/lib/thumb/v6-m/nofp/libc.a(libc_a-exit.o)
                                0x1b7 (size before relaxing)
 .debug_str     0x0000f9df        0x0 /usr/lib/gcc/arm-none-eabi/14.2.1/../../../arm-none-eabi/lib/thumb/v6-m/nofp/libc.a(libc_a-atexit.o)
                                0x1ce (size before relaxing)
 .debug_str     0x0000f9df        0x0 /usr/lib/gcc/arm-none-eabi/14.2.1/../../../arm-none-eabi/lib/thumb/v6-m/nofp/libc.a(libc_a-init.o)
                                0x1f2 (size before relaxing)
 .debug_str     0x0000f9df        0x0 /usr/lib/gcc/arm-none-eabi/14.2.1/../../../arm-none-eabi/lib/thumb/v6-m/nofp/libc.a(libc_a-findfp.o)
                                0x6c1 (size before relaxing)
 .debug_str     0x0000f9df        0x0 /usr/lib/gcc/arm-none-eabi/14.2.1/../../../arm-none-eabi/lib/thumb/v6-m/nofp/libc.a(libc_a-__call_atexit.o)
                                0x25b (size before relaxing)
 .debug_str     0x0000f9df        0x0 /usr/lib/gcc/arm-none-eabi/14.2.1/../../../arm-none-eabi/lib/thumb/v6-m/nofp/libc.a(libc_a-__atexit.o)
                                0x239 (size before relaxing)

.debug_rnglists
                0x00000000      0x483
 .debug_rnglists
                0x00000000       0x19 CMakeFiles/softcore_fw_example.elf.dir/bsp/gowin/system/system_GOWIN_M1.c.o
 .debug_rnglists
                0x00000019       0x6e CMakeFiles/softcore_fw_example.elf.dir/drivers/src/GOWIN_M1_gpio.c.o
 .debug_rnglists
                0x00000087       0x51 CMakeFiles/softcore_fw_example.elf.dir/drivers/src/GOWIN_M1_misc.c.o
 .debug_rnglists
                0x000000d8       0x8c CMakeFiles/softcore_fw_example.elf.dir/drivers/src/GOWIN_M1_uart.c.o
 .debug_rnglists
                0x00000164       0xe5 CMakeFiles/softcore_fw_example.elf.dir/src/GOWIN_M1_it.c.o
 .debug_rnglists
                0x00000249       0x26 CMakeFiles/softcore_fw_example.elf.dir/src/delay.c.o
 .debug_rnglists
                0x0000026f       0x13 CMakeFiles/softcore_fw_example.elf.dir/src/gpio.c.o
 .debug_rnglists
                0x00000282       0x5c CMakeFiles/softcore_fw_example.elf.dir/src/main.c.o
 .debug_rnglists
                0x000002de       0xc6 /usr/lib/gcc/arm-none-eabi/14.2.1/thumb/v6-m/nofp/libgcc.a(unwind-arm.o)
 .debug_rnglists
                0x000003a4       0x42 /usr/lib/gcc/arm-none-eabi/14.2.1/thumb/v6-m/nofp/libgcc.a(pr-support.o)
 .debug_rnglists
                0x000003e6       0x6d /usr/lib/gcc/arm-none-eabi/14.2.1/../../../arm-none-eabi/lib/thumb/v6-m/nofp/libc.a(libc_a-findfp.o)
 .debug_rnglists
                0x00000453       0x30 /usr/lib/gcc/arm-none-eabi/14.2.1/../../../arm-none-eabi/lib/thumb/v6-m/nofp/libc.a(libc_a-__call_atexit.o)

.debug_macro    0x00000000     0x437a
 .debug_macro   0x00000000      0x243 CMakeFiles/softcore_fw_example.elf.dir/bsp/gowin/system/system_GOWIN_M1.c.o
 .debug_macro   0x00000243      0xa96 CMakeFiles/softcore_fw_example.elf.dir/bsp/gowin/system/system_GOWIN_M1.c.o
 .debug_macro   0x00000cd9       0x2d CMakeFiles/softcore_fw_example.elf.dir/bsp/gowin/system/system_GOWIN_M1.c.o
 .debug_macro   0x00000d06      0x34e CMakeFiles/softcore_fw_example.elf.dir/bsp/gowin/system/system_GOWIN_M1.c.o
 .debug_macro   0x00001054       0x1c CMakeFiles/softcore_fw_example.elf.dir/bsp/gowin/system/system_GOWIN_M1.c.o
 .debug_macro   0x00001070       0x22 CMakeFiles/softcore_fw_example.elf.dir/bsp/gowin/system/system_GOWIN_M1.c.o
 .debug_macro   0x00001092       0xaf CMakeFiles/softcore_fw_example.elf.dir/bsp/gowin/system/system_GOWIN_M1.c.o
 .debug_macro   0x00001141      0x3b4 CMakeFiles/softcore_fw_example.elf.dir/bsp/gowin/system/system_GOWIN_M1.c.o
 .debug_macro   0x000014f5      0x353 CMakeFiles/softcore_fw_example.elf.dir/bsp/gowin/system/system_GOWIN_M1.c.o
 .debug_macro   0x00001848       0x76 CMakeFiles/softcore_fw_example.elf.dir/bsp/gowin/system/system_GOWIN_M1.c.o
 .debug_macro   0x000018be       0x3a CMakeFiles/softcore_fw_example.elf.dir/bsp/gowin/system/system_GOWIN_M1.c.o
 .debug_macro   0x000018f8       0x22 CMakeFiles/softcore_fw_example.elf.dir/bsp/gowin/system/system_GOWIN_M1.c.o
 .debug_macro   0x0000191a       0x40 CMakeFiles/softcore_fw_example.elf.dir/bsp/gowin/system/system_GOWIN_M1.c.o
 .debug_macro   0x0000195a       0x22 CMakeFiles/softcore_fw_example.elf.dir/bsp/gowin/system/system_GOWIN_M1.c.o
 .debug_macro   0x0000197c       0x58 CMakeFiles/softcore_fw_example.elf.dir/bsp/gowin/system/system_GOWIN_M1.c.o
 .debug_macro   0x000019d4       0xd0 CMakeFiles/softcore_fw_example.elf.dir/bsp/gowin/system/system_GOWIN_M1.c.o
 .debug_macro   0x00001aa4       0x22 CMakeFiles/softcore_fw_example.elf.dir/bsp/gowin/system/system_GOWIN_M1.c.o
 .debug_macro   0x00001ac6       0x60 CMakeFiles/softcore_fw_example.elf.dir/bsp/gowin/system/system_GOWIN_M1.c.o
 .debug_macro   0x00001b26       0x24 CMakeFiles/softcore_fw_example.elf.dir/bsp/gowin/system/system_GOWIN_M1.c.o
 .debug_macro   0x00001b4a       0x94 CMakeFiles/softcore_fw_example.elf.dir/bsp/gowin/system/system_GOWIN_M1.c.o
 .debug_macro   0x00001bde       0x3c CMakeFiles/softcore_fw_example.elf.dir/bsp/gowin/system/system_GOWIN_M1.c.o
 .debug_macro   0x00001c1a       0x34 CMakeFiles/softcore_fw_example.elf.dir/bsp/gowin/system/system_GOWIN_M1.c.o
 .debug_macro   0x00001c4e       0x16 CMakeFiles/softcore_fw_example.elf.dir/bsp/gowin/system/system_GOWIN_M1.c.o
 .debug_macro   0x00001c64       0x57 CMakeFiles/softcore_fw_example.elf.dir/bsp/gowin/system/system_GOWIN_M1.c.o
 .debug_macro   0x00001cbb       0x9e CMakeFiles/softcore_fw_example.elf.dir/bsp/gowin/system/system_GOWIN_M1.c.o
 .debug_macro   0x00001d59      0x364 CMakeFiles/softcore_fw_example.elf.dir/bsp/gowin/system/system_GOWIN_M1.c.o
 .debug_macro   0x000020bd      0x112 CMakeFiles/softcore_fw_example.elf.dir/bsp/gowin/system/system_GOWIN_M1.c.o
 .debug_macro   0x000021cf       0x10 CMakeFiles/softcore_fw_example.elf.dir/bsp/gowin/system/system_GOWIN_M1.c.o
 .debug_macro   0x000021df       0x16 CMakeFiles/softcore_fw_example.elf.dir/bsp/gowin/system/system_GOWIN_M1.c.o
 .debug_macro   0x000021f5       0x4a CMakeFiles/softcore_fw_example.elf.dir/bsp/gowin/system/system_GOWIN_M1.c.o
 .debug_macro   0x0000223f       0x34 CMakeFiles/softcore_fw_example.elf.dir/bsp/gowin/system/system_GOWIN_M1.c.o
 .debug_macro   0x00002273       0x10 CMakeFiles/softcore_fw_example.elf.dir/bsp/gowin/system/system_GOWIN_M1.c.o
 .debug_macro   0x00002283       0x52 CMakeFiles/softcore_fw_example.elf.dir/bsp/gowin/system/system_GOWIN_M1.c.o
 .debug_macro   0x000022d5      0x1e5 CMakeFiles/softcore_fw_example.elf.dir/bsp/gowin/system/system_GOWIN_M1.c.o
 .debug_macro   0x000024ba       0x16 CMakeFiles/softcore_fw_example.elf.dir/bsp/gowin/system/system_GOWIN_M1.c.o
 .debug_macro   0x000024d0       0x16 CMakeFiles/softcore_fw_example.elf.dir/bsp/gowin/system/system_GOWIN_M1.c.o
 .debug_macro   0x000024e6      0x170 CMakeFiles/softcore_fw_example.elf.dir/bsp/gowin/system/system_GOWIN_M1.c.o
 .debug_macro   0x00002656      0x119 CMakeFiles/softcore_fw_example.elf.dir/bsp/gowin/system/system_GOWIN_M1.c.o
 .debug_macro   0x0000276f       0x88 CMakeFiles/softcore_fw_example.elf.dir/bsp/gowin/system/system_GOWIN_M1.c.o
 .debug_macro   0x000027f7       0x22 CMakeFiles/softcore_fw_example.elf.dir/bsp/gowin/system/system_GOWIN_M1.c.o
 .debug_macro   0x00002819      0x10c CMakeFiles/softcore_fw_example.elf.dir/bsp/gowin/system/system_GOWIN_M1.c.o
 .debug_macro   0x00002925       0x76 CMakeFiles/softcore_fw_example.elf.dir/bsp/gowin/system/system_GOWIN_M1.c.o
 .debug_macro   0x0000299b       0x70 CMakeFiles/softcore_fw_example.elf.dir/bsp/gowin/system/system_GOWIN_M1.c.o
 .debug_macro   0x00002a0b       0x22 CMakeFiles/softcore_fw_example.elf.dir/bsp/gowin/system/system_GOWIN_M1.c.o
 .debug_macro   0x00002a2d       0x4c CMakeFiles/softcore_fw_example.elf.dir/bsp/gowin/system/system_GOWIN_M1.c.o
 .debug_macro   0x00002a79       0x94 CMakeFiles/softcore_fw_example.elf.dir/bsp/gowin/system/system_GOWIN_M1.c.o
 .debug_macro   0x00002b0d       0x34 CMakeFiles/softcore_fw_example.elf.dir/bsp/gowin/system/system_GOWIN_M1.c.o
 .debug_macro   0x00002b41      0x241 CMakeFiles/softcore_fw_example.elf.dir/drivers/src/GOWIN_M1_gpio.c.o
 .debug_macro   0x00002d82       0x6a CMakeFiles/softcore_fw_example.elf.dir/drivers/src/GOWIN_M1_gpio.c.o
 .debug_macro   0x00002dec      0x247 CMakeFiles/softcore_fw_example.elf.dir/drivers/src/GOWIN_M1_misc.c.o
 .debug_macro   0x00003033       0x2e CMakeFiles/softcore_fw_example.elf.dir/drivers/src/GOWIN_M1_misc.c.o
 .debug_macro   0x00003061      0x241 CMakeFiles/softcore_fw_example.elf.dir/drivers/src/GOWIN_M1_uart.c.o
 .debug_macro   0x000032a2       0x34 CMakeFiles/softcore_fw_example.elf.dir/drivers/src/GOWIN_M1_uart.c.o
 .debug_macro   0x000032d6      0x241 CMakeFiles/softcore_fw_example.elf.dir/src/GOWIN_M1_it.c.o
 .debug_macro   0x00003517      0x247 CMakeFiles/softcore_fw_example.elf.dir/src/delay.c.o
 .debug_macro   0x0000375e      0x241 CMakeFiles/softcore_fw_example.elf.dir/src/gpio.c.o
 .debug_macro   0x0000399f      0x330 CMakeFiles/softcore_fw_example.elf.dir/src/main.c.o
 .debug_macro   0x00003ccf       0x10 CMakeFiles/softcore_fw_example.elf.dir/src/main.c.o
 .debug_macro   0x00003cdf      0x242 CMakeFiles/softcore_fw_example.elf.dir/src/main.c.o
 .debug_macro   0x00003f21       0x16 CMakeFiles/softcore_fw_example.elf.dir/src/main.c.o
 .debug_macro   0x00003f37       0x3c CMakeFiles/softcore_fw_example.elf.dir/src/main.c.o
 .debug_macro   0x00003f73       0x10 CMakeFiles/softcore_fw_example.elf.dir/src/main.c.o
 .debug_macro   0x00003f83       0x10 CMakeFiles/softcore_fw_example.elf.dir/src/main.c.o
 .debug_macro   0x00003f93       0x10 CMakeFiles/softcore_fw_example.elf.dir/src/main.c.o
 .debug_macro   0x00003fa3       0x6a CMakeFiles/softcore_fw_example.elf.dir/src/main.c.o
 .debug_macro   0x0000400d       0x1c CMakeFiles/softcore_fw_example.elf.dir/src/main.c.o
 .debug_macro   0x00004029       0x52 CMakeFiles/softcore_fw_example.elf.dir/src/main.c.o
 .debug_macro   0x0000407b       0x22 CMakeFiles/softcore_fw_example.elf.dir/src/main.c.o
 .debug_macro   0x0000409d       0x10 CMakeFiles/softcore_fw_example.elf.dir/src/main.c.o
 .debug_macro   0x000040ad       0x52 CMakeFiles/softcore_fw_example.elf.dir/src/main.c.o
 .debug_macro   0x000040ff       0xc1 CMakeFiles/softcore_fw_example.elf.dir/src/main.c.o
 .debug_macro   0x000041c0       0x1c CMakeFiles/softcore_fw_example.elf.dir/src/main.c.o
 .debug_macro   0x000041dc       0x3d CMakeFiles/softcore_fw_example.elf.dir/src/main.c.o
 .debug_macro   0x00004219       0x35 CMakeFiles/softcore_fw_example.elf.dir/src/main.c.o
 .debug_macro   0x0000424e      0x12c CMakeFiles/softcore_fw_example.elf.dir/src/main.c.o

.debug_frame    0x00000000     0x1348
 .debug_frame   0x00000000       0x48 CMakeFiles/softcore_fw_example.elf.dir/bsp/gowin/system/system_GOWIN_M1.c.o
 .debug_frame   0x00000048      0x210 CMakeFiles/softcore_fw_example.elf.dir/drivers/src/GOWIN_M1_gpio.c.o
 .debug_frame   0x00000258      0x168 CMakeFiles/softcore_fw_example.elf.dir/drivers/src/GOWIN_M1_misc.c.o
 .debug_frame   0x000003c0      0x2b0 CMakeFiles/softcore_fw_example.elf.dir/drivers/src/GOWIN_M1_uart.c.o
 .debug_frame   0x00000670      0x400 CMakeFiles/softcore_fw_example.elf.dir/src/GOWIN_M1_it.c.o
 .debug_frame   0x00000a70       0x8c CMakeFiles/softcore_fw_example.elf.dir/src/delay.c.o
 .debug_frame   0x00000afc       0x30 CMakeFiles/softcore_fw_example.elf.dir/src/gpio.c.o
 .debug_frame   0x00000b2c      0x1ac CMakeFiles/softcore_fw_example.elf.dir/src/main.c.o
 .debug_frame   0x00000cd8       0x20 /usr/lib/gcc/arm-none-eabi/14.2.1/thumb/v6-m/nofp/libgcc.a(_udivsi3.o)
 .debug_frame   0x00000cf8      0x2b8 /usr/lib/gcc/arm-none-eabi/14.2.1/thumb/v6-m/nofp/libgcc.a(unwind-arm.o)
 .debug_frame   0x00000fb0       0xf8 /usr/lib/gcc/arm-none-eabi/14.2.1/thumb/v6-m/nofp/libgcc.a(pr-support.o)
 .debug_frame   0x000010a8       0x30 /usr/lib/gcc/arm-none-eabi/14.2.1/../../../arm-none-eabi/lib/thumb/v6-m/nofp/libc.a(libc_a-memset.o)
 .debug_frame   0x000010d8       0x2c /usr/lib/gcc/arm-none-eabi/14.2.1/../../../arm-none-eabi/lib/thumb/v6-m/nofp/libc.a(libc_a-fini.o)
 .debug_frame   0x00001104       0x30 /usr/lib/gcc/arm-none-eabi/14.2.1/../../../arm-none-eabi/lib/thumb/v6-m/nofp/libc.a(libc_a-memcpy-stub.o)
 .debug_frame   0x00001134       0x28 /usr/lib/gcc/arm-none-eabi/14.2.1/../../../arm-none-eabi/lib/thumb/v6-m/nofp/libc.a(libc_a-exit.o)
 .debug_frame   0x0000115c       0x28 /usr/lib/gcc/arm-none-eabi/14.2.1/../../../arm-none-eabi/lib/thumb/v6-m/nofp/libc.a(libc_a-atexit.o)
 .debug_frame   0x00001184       0x2c /usr/lib/gcc/arm-none-eabi/14.2.1/../../../arm-none-eabi/lib/thumb/v6-m/nofp/libc.a(libc_a-init.o)
 .debug_frame   0x000011b0      0x110 /usr/lib/gcc/arm-none-eabi/14.2.1/../../../arm-none-eabi/lib/thumb/v6-m/nofp/libc.a(libc_a-findfp.o)
 .debug_frame   0x000012c0       0x54 /usr/lib/gcc/arm-none-eabi/14.2.1/../../../arm-none-eabi/lib/thumb/v6-m/nofp/libc.a(libc_a-__call_atexit.o)
 .debug_frame   0x00001314       0x34 /usr/lib/gcc/arm-none-eabi/14.2.1/../../../arm-none-eabi/lib/thumb/v6-m/nofp/libc.a(libc_a-__atexit.o)

.debug_loclists
                0x00000000     0x25fc
 .debug_loclists
                0x00000000     0x17fd /usr/lib/gcc/arm-none-eabi/14.2.1/thumb/v6-m/nofp/libgcc.a(unwind-arm.o)
 .debug_loclists
                0x000017fd      0x497 /usr/lib/gcc/arm-none-eabi/14.2.1/thumb/v6-m/nofp/libgcc.a(pr-support.o)
 .debug_loclists
                0x00001c94      0x1c6 /usr/lib/gcc/arm-none-eabi/14.2.1/../../../arm-none-eabi/lib/thumb/v6-m/nofp/libc.a(libc_a-memset.o)
 .debug_loclists
                0x00001e5a       0x2c /usr/lib/gcc/arm-none-eabi/14.2.1/../../../arm-none-eabi/lib/thumb/v6-m/nofp/libc.a(libc_a-fini.o)
 .debug_loclists
                0x00001e86      0x2c7 /usr/lib/gcc/arm-none-eabi/14.2.1/../../../arm-none-eabi/lib/thumb/v6-m/nofp/libc.a(libc_a-memcpy-stub.o)
 .debug_loclists
                0x0000214d       0x1b /usr/lib/gcc/arm-none-eabi/14.2.1/../../../arm-none-eabi/lib/thumb/v6-m/nofp/libc.a(libc_a-exit.o)
 .debug_loclists
                0x00002168       0x2b /usr/lib/gcc/arm-none-eabi/14.2.1/../../../arm-none-eabi/lib/thumb/v6-m/nofp/libc.a(libc_a-atexit.o)
 .debug_loclists
                0x00002193       0x5a /usr/lib/gcc/arm-none-eabi/14.2.1/../../../arm-none-eabi/lib/thumb/v6-m/nofp/libc.a(libc_a-init.o)
 .debug_loclists
                0x000021ed      0x1dd /usr/lib/gcc/arm-none-eabi/14.2.1/../../../arm-none-eabi/lib/thumb/v6-m/nofp/libc.a(libc_a-findfp.o)
 .debug_loclists
                0x000023ca      0x133 /usr/lib/gcc/arm-none-eabi/14.2.1/../../../arm-none-eabi/lib/thumb/v6-m/nofp/libc.a(libc_a-__call_atexit.o)
 .debug_loclists
                0x000024fd       0xff /usr/lib/gcc/arm-none-eabi/14.2.1/../../../arm-none-eabi/lib/thumb/v6-m/nofp/libc.a(libc_a-__atexit.o)
